Archive member included to satisfy reference by file (symbol)

C:\Makefile\gcc-arm-none-eabi-10.3-2021.10\arm-none-eabi\lib\thumb\v6-m\nofp\libnosys.a(errno.o)
                              newlib_stubs.o (errno)
C:\Makefile\gcc-arm-none-eabi-10.3-2021.10\lib\gcc\arm-none-eabi\10.3.1\thumb\v6-m\nofp\libgcc.a(_divsi3.o)
                              serial.o (__aeabi_idiv)
C:\Makefile\gcc-arm-none-eabi-10.3-2021.10\lib\gcc\arm-none-eabi\10.3.1\thumb\v6-m\nofp\libgcc.a(_dvmd_tls.o)
                              C:\Makefile\gcc-arm-none-eabi-10.3-2021.10\lib\gcc\arm-none-eabi\10.3.1\thumb\v6-m\nofp\libgcc.a(_divsi3.o) (__aeabi_idiv0)
C:\Makefile\gcc-arm-none-eabi-10.3-2021.10\lib\gcc\arm-none-eabi\10.3.1\thumb\v6-m\nofp\libgcc.a(_arm_cmpdf2.o)
                              movement.o (__aeabi_dcmplt)
C:\Makefile\gcc-arm-none-eabi-10.3-2021.10\lib\gcc\arm-none-eabi\10.3.1\thumb\v6-m\nofp\libgcc.a(_arm_cmpsf2.o)
                              speaker.o (__aeabi_fcmpeq)
C:\Makefile\gcc-arm-none-eabi-10.3-2021.10\lib\gcc\arm-none-eabi\10.3.1\thumb\v6-m\nofp\libgcc.a(addsf3.o)
                              speaker.o (__aeabi_fadd)
C:\Makefile\gcc-arm-none-eabi-10.3-2021.10\lib\gcc\arm-none-eabi\10.3.1\thumb\v6-m\nofp\libgcc.a(divsf3.o)
                              speaker.o (__aeabi_fdiv)
C:\Makefile\gcc-arm-none-eabi-10.3-2021.10\lib\gcc\arm-none-eabi\10.3.1\thumb\v6-m\nofp\libgcc.a(eqsf2.o)
                              C:\Makefile\gcc-arm-none-eabi-10.3-2021.10\lib\gcc\arm-none-eabi\10.3.1\thumb\v6-m\nofp\libgcc.a(_arm_cmpsf2.o) (__eqsf2)
C:\Makefile\gcc-arm-none-eabi-10.3-2021.10\lib\gcc\arm-none-eabi\10.3.1\thumb\v6-m\nofp\libgcc.a(gesf2.o)
                              C:\Makefile\gcc-arm-none-eabi-10.3-2021.10\lib\gcc\arm-none-eabi\10.3.1\thumb\v6-m\nofp\libgcc.a(_arm_cmpsf2.o) (__gesf2)
C:\Makefile\gcc-arm-none-eabi-10.3-2021.10\lib\gcc\arm-none-eabi\10.3.1\thumb\v6-m\nofp\libgcc.a(lesf2.o)
                              C:\Makefile\gcc-arm-none-eabi-10.3-2021.10\lib\gcc\arm-none-eabi\10.3.1\thumb\v6-m\nofp\libgcc.a(_arm_cmpsf2.o) (__lesf2)
C:\Makefile\gcc-arm-none-eabi-10.3-2021.10\lib\gcc\arm-none-eabi\10.3.1\thumb\v6-m\nofp\libgcc.a(mulsf3.o)
                              movement.o (__aeabi_fmul)
C:\Makefile\gcc-arm-none-eabi-10.3-2021.10\lib\gcc\arm-none-eabi\10.3.1\thumb\v6-m\nofp\libgcc.a(floatsisf.o)
                              main.o (__aeabi_i2f)
C:\Makefile\gcc-arm-none-eabi-10.3-2021.10\lib\gcc\arm-none-eabi\10.3.1\thumb\v6-m\nofp\libgcc.a(adddf3.o)
                              frequency_calc.o (__aeabi_dadd)
C:\Makefile\gcc-arm-none-eabi-10.3-2021.10\lib\gcc\arm-none-eabi\10.3.1\thumb\v6-m\nofp\libgcc.a(divdf3.o)
                              JDY40.o (__aeabi_ddiv)
C:\Makefile\gcc-arm-none-eabi-10.3-2021.10\lib\gcc\arm-none-eabi\10.3.1\thumb\v6-m\nofp\libgcc.a(eqdf2.o)
                              C:\Makefile\gcc-arm-none-eabi-10.3-2021.10\lib\gcc\arm-none-eabi\10.3.1\thumb\v6-m\nofp\libgcc.a(_arm_cmpdf2.o) (__eqdf2)
C:\Makefile\gcc-arm-none-eabi-10.3-2021.10\lib\gcc\arm-none-eabi\10.3.1\thumb\v6-m\nofp\libgcc.a(gedf2.o)
                              C:\Makefile\gcc-arm-none-eabi-10.3-2021.10\lib\gcc\arm-none-eabi\10.3.1\thumb\v6-m\nofp\libgcc.a(_arm_cmpdf2.o) (__gedf2)
C:\Makefile\gcc-arm-none-eabi-10.3-2021.10\lib\gcc\arm-none-eabi\10.3.1\thumb\v6-m\nofp\libgcc.a(ledf2.o)
                              C:\Makefile\gcc-arm-none-eabi-10.3-2021.10\lib\gcc\arm-none-eabi\10.3.1\thumb\v6-m\nofp\libgcc.a(_arm_cmpdf2.o) (__ledf2)
C:\Makefile\gcc-arm-none-eabi-10.3-2021.10\lib\gcc\arm-none-eabi\10.3.1\thumb\v6-m\nofp\libgcc.a(muldf3.o)
                              frequency_calc.o (__aeabi_dmul)
C:\Makefile\gcc-arm-none-eabi-10.3-2021.10\lib\gcc\arm-none-eabi\10.3.1\thumb\v6-m\nofp\libgcc.a(subdf3.o)
                              main.o (__aeabi_dsub)
C:\Makefile\gcc-arm-none-eabi-10.3-2021.10\lib\gcc\arm-none-eabi\10.3.1\thumb\v6-m\nofp\libgcc.a(fixdfsi.o)
                              movement.o (__aeabi_d2iz)
C:\Makefile\gcc-arm-none-eabi-10.3-2021.10\lib\gcc\arm-none-eabi\10.3.1\thumb\v6-m\nofp\libgcc.a(floatsidf.o)
                              main.o (__aeabi_i2d)
C:\Makefile\gcc-arm-none-eabi-10.3-2021.10\lib\gcc\arm-none-eabi\10.3.1\thumb\v6-m\nofp\libgcc.a(extendsfdf2.o)
                              main.o (__aeabi_f2d)
C:\Makefile\gcc-arm-none-eabi-10.3-2021.10\lib\gcc\arm-none-eabi\10.3.1\thumb\v6-m\nofp\libgcc.a(truncdfsf2.o)
                              main.o (__aeabi_d2f)
C:\Makefile\gcc-arm-none-eabi-10.3-2021.10\lib\gcc\arm-none-eabi\10.3.1\thumb\v6-m\nofp\libgcc.a(_udivsi3.o)
                              C:\Makefile\gcc-arm-none-eabi-10.3-2021.10\lib\gcc\arm-none-eabi\10.3.1\thumb\v6-m\nofp\libgcc.a(divdf3.o) (__aeabi_uidivmod)
C:\Makefile\gcc-arm-none-eabi-10.3-2021.10\lib\gcc\arm-none-eabi\10.3.1\thumb\v6-m\nofp\libgcc.a(_clzsi2.o)
[...]
Memory Configuration

Name             Origin             Length             Attributes
flash            0x08000000         0x00010000
ram              0x20000000         0x00002000
*default*        0x00000000         0xffffffff

Linker script and memory map

LOAD main.o
LOAD startup.o
LOAD serial.o
LOAD global.o
LOAD UART2.o
LOAD JDY40.o
LOAD lcd.o
LOAD adc.o
LOAD speaker.o
LOAD frequency_calc.o
LOAD passcode.o
LOAD movement.o
LOAD newlib_stubs.o
LOAD C:\Makefile\gcc-arm-none-eabi-10.3-2021.10\arm-none-eabi\lib\thumb\v6-m\nofp\libnosys.a
LOAD C:\Makefile\gcc-arm-none-eabi-10.3-2021.10\lib\gcc\arm-none-eabi\10.3.1\thumb\v6-m\nofp\libgcc.a
START GROUP
LOAD C:\Makefile\gcc-arm-none-eabi-10.3-2021.10\lib\gcc\arm-none-eabi\10.3.1\thumb\v6-m\nofp\libgcc.a
LOAD C:\Makefile\gcc-arm-none-eabi-10.3-2021.10\arm-none-eabi\lib\thumb\v6-m\nofp\libc_nano.a
LOAD C:\Makefile\gcc-arm-none-eabi-10.3-2021.10\arm-none-eabi\lib\thumb\v6-m\nofp\libm.a
END GROUP

.text           0x08000000     0x972c
 *(.vectors)
 .vectors       0x08000000       0xb8 startup.o
                0x08000000                Vectors
 *(.after_vectors*)
 .after_vectors
                0x080000b8       0x28 startup.o
                0x080000b8                ResetInit
 *(.text*)
 .text          0x080000e0      0x810 main.o
                0x080000e0                TIM2_Handler
                0x08000154                TIM21_Handler
                0x08000190                ConfigPinsLCD
                0x08000298                ConfigPinButton
                0x080002ec                ConfigPinADC
                0x08000330                ConfigPinsUART2
                0x080003bc                ConfigPinSpeaker
                0x080003f0                ConfigLEDPins
                0x08000450                ConfigPasscodeButtonPins
                0x0800051c                isButtonPressedGPIOB
                0x08000540                display_x_y
                0x08000574                display_adc
                0x080005fc                display_inductance_mH
                0x08000634                update_sensitivity_x
                0x08000698                update_sensitivity_y
                0x08000700                checkLock
                0x08000768                main
 .text          0x080008f0      0x1a8 startup.o
                0x08000968                initClock
                0x08000a70                EXTI2_3_Handler
                0x08000a70                SysTick_Handler
                0x08000a70                I2C1_Handler
                0x08000a70                PendSV_Handler
                0x08000a70                NMI_Handler
                0x08000a70                WWDG_Handler
                0x08000a70                RTC_Handler
                0x08000a70                EXTI4_15_Handler
                0x08000a70                DMA_CH4_5_6_7_Handler
                0x08000a70                Default_Handler
                0x08000a70                LPUART1_Handler
                0x08000a70                FLASH_Handler
                0x08000a70                EXTI0_1_Handler
                0x08000a70                DMA_CH1_Handler
                0x08000a70                SPI2_Handler
                0x08000a70                DMA_CH2_3_Handler
                0x08000a70                I2C2_Handler
                0x08000a70                SVC_Handler
                0x08000a70                LPTIM1_Handler
                0x08000a70                SPI1_Handler
                0x08000a70                RCC_Handler
                0x08000a70                PVD_Handler
                0x08000a70                TIM6_Handler
                0x08000a70                TIM22_Handler
                0x08000a70                ADC_COMP_Handler
                0x08000a84                Hard_Fault_Handler
 .text          0x08000a98      0x5b4 serial.o
                0x08000a98                ReadCom
                0x08000b0c                WriteCom
                0x08000bac                initUART
                0x08000cfc                USART1_Handler
                0x08000d28                usart_rx
                0x08000d58                usart_tx
                0x08000dc0                PutBuf
                0x08000e22                GetBuf
                0x08000e78                GetBufCount
                0x08000e8c                eputs
                0x08000ec8                eputc
                0x08000ee6                egetc
                0x08000f00                egets
                0x08000f8c                egetc_echo
                0x08000fb2                egets_echo
 .text          0x0800104c      0x12c global.o
                0x0800104c                wait_1ms
                0x08001084                waitms
                0x080010ae                Delay_us
                0x0800110c                Delay_ms
                0x08001158                delay
 .text          0x08001178      0x5c8 UART2.o
                0x08001178                ReadCom2
                0x080011ec                WriteCom2
                0x0800128c                InitUART2
                0x080013d8                USART2_Handler
                0x08001404                usart_rx2
                0x08001434                usart_tx2
                0x0800149c                PutBuf2
                0x080014fe                GetBuf2
                0x08001554                GetBufCount2
                0x08001568                eputs_2
                0x080015a4                eputc2
                0x080015c2                egetc2
                0x080015dc                egets_2
                0x08001668                ReceivedBytes_2
                0x08001680                egetc_echo2
                0x080016a6                egets_echo2
 .text          0x08001740      0x378 JDY40.o
                0x0800176c                InitTimer21
                0x080017c4                JDS_Delay_us
                0x08001824                JDY_Delay_ms
                0x08001870                SendATCommand
                0x080018e8                SendCommand
                0x0800191c                ReceiveCommand
                0x0800193c                TX_XY
                0x08001954                RX_I
                0x08001978                ConfigJDY40
                0x080019f0                Update_XY
                0x08001a18                Update_I
                0x08001a78                display_buffs
 .text          0x08001ab8      0x2e0 lcd.o
                0x08001ab8                LCD_pulse
                0x08001ae8                LCD_byte
                0x08001c6a                WriteData
                0x08001c9e                WriteCommand
                0x08001cd2                LCD_4BIT
                0x08001d1c                LCDprint
 .text          0x08001d98      0x100 adc.o
                0x08001d98                initADC
                0x08001e2c                readADC
 .text          0x08001e98      0x154 speaker.o
                0x08001ec4                InitTimer2
                0x08001f34                ToggleSpeaker
                0x08001f50                SetSpeakerFreq
                0x08001fb0                ConfigSpeaker
 .text          0x08001fec       0xb0 frequency_calc.o
                0x08001fec                calculateCT
                0x08001ff8                calculate_inductance
 .text          0x0800209c      0x2dc passcode.o
                0x0800209c                isPasscodeButtonPressed
                0x080020c0                resetPasscode
                0x0800213c                getPasscodeButton
                0x08002296                checkCombination
                0x080022f4                getPasscode
 .text          0x08002378      0x240 movement.o
                0x08002378                standardize_directions
                0x080023e8                standardize_y
                0x080024d0                standardize_x
 .text          0x080025b8      0x29c newlib_stubs.o
                0x080025b8                _exit
                0x080025c2                _close
                0x080025d6                _execve
                0x080025f8                _fork
                0x08002610                _fstat
                0x0800262c                _getpid
                0x08002638                _kill
                0x08002658                _link
                0x08002678                _lseek
                0x0800268e                _stat
                0x080026aa                _times
                0x080026be                _unlink
                0x080026dc                _wait
                0x080026fc                _isatty
                0x08002724                _sbrk
                0x08002788                _read
                0x08002800                _write
 .text          0x08002854        0x0 C:\Makefile\gcc-arm-none-eabi-10.3-2021.10\arm-none-eabi\lib\thumb\v6-m\nofp\libnosys.a(errno.o)
 .text          0x08002854      0x1d4 C:\Makefile\gcc-arm-none-eabi-10.3-2021.10\lib\gcc\arm-none-eabi\10.3.1\thumb\v6-m\nofp\libgcc.a(_divsi3.o)
                0x08002854                __divsi3
                0x08002854                __aeabi_idiv
                0x08002a20                __aeabi_idivmod
 .text          0x08002a28        0x4 C:\Makefile\gcc-arm-none-eabi-10.3-2021.10\lib\gcc\arm-none-eabi\10.3.1\thumb\v6-m\nofp\libgcc.a(_dvmd_tls.o)
                0x08002a28                __aeabi_idiv0
                0x08002a28                __aeabi_ldiv0
 .text          0x08002a2c       0x7c C:\Makefile\gcc-arm-none-eabi-10.3-2021.10\lib\gcc\arm-none-eabi\10.3.1\thumb\v6-m\nofp\libgcc.a(_arm_cmpdf2.o)
                0x08002a2c                __aeabi_cdrcmple
                0x08002a3c                __aeabi_cdcmple
                0x08002a3c                __aeabi_cdcmpeq
                0x08002a4c                __aeabi_dcmpeq
                0x08002a58                __aeabi_dcmplt
                0x08002a6c                __aeabi_dcmple
                0x08002a80                __aeabi_dcmpgt
                0x08002a94                __aeabi_dcmpge
 .text          0x08002aa8       0x74 C:\Makefile\gcc-arm-none-eabi-10.3-2021.10\lib\gcc\arm-none-eabi\10.3.1\thumb\v6-m\nofp\libgcc.a(_arm_cmpsf2.o)
                0x08002aa8                __aeabi_cfrcmple
                0x08002ab0                __aeabi_cfcmpeq
                0x08002ab0                __aeabi_cfcmple
                0x08002ac0                __aeabi_fcmpeq
                0x08002acc                __aeabi_fcmplt
                0x08002ae0                __aeabi_fcmple
                0x08002af4                __aeabi_fcmpgt
                0x08002b08                __aeabi_fcmpge
 .text          0x08002b1c      0x33c C:\Makefile\gcc-arm-none-eabi-10.3-2021.10\lib\gcc\arm-none-eabi\10.3.1\thumb\v6-m\nofp\libgcc.a(addsf3.o)
                0x08002b1c                __aeabi_fadd
 .text          0x08002e58      0x230 C:\Makefile\gcc-arm-none-eabi-10.3-2021.10\lib\gcc\arm-none-eabi\10.3.1\thumb\v6-m\nofp\libgcc.a(divsf3.o)
                0x08002e58                __aeabi_fdiv
 .text          0x08003088       0x4c C:\Makefile\gcc-arm-none-eabi-10.3-2021.10\lib\gcc\arm-none-eabi\10.3.1\thumb\v6-m\nofp\libgcc.a(eqsf2.o)
                0x08003088                __eqsf2
                0x08003088                __nesf2
 .text          0x080030d4       0x8c C:\Makefile\gcc-arm-none-eabi-10.3-2021.10\lib\gcc\arm-none-eabi\10.3.1\thumb\v6-m\nofp\libgcc.a(gesf2.o)
                0x080030d4                __gesf2
                0x080030d4                __gtsf2
 .text          0x08003160       0x88 C:\Makefile\gcc-arm-none-eabi-10.3-2021.10\lib\gcc\arm-none-eabi\10.3.1\thumb\v6-m\nofp\libgcc.a(lesf2.o)
                0x08003160                __ltsf2
                0x08003160                __lesf2
 .text          0x080031e8      0x24c C:\Makefile\gcc-arm-none-eabi-10.3-2021.10\lib\gcc\arm-none-eabi\10.3.1\thumb\v6-m\nofp\libgcc.a(mulsf3.o)
                0x080031e8                __aeabi_fmul
 .text          0x08003434       0x9c C:\Makefile\gcc-arm-none-eabi-10.3-2021.10\lib\gcc\arm-none-eabi\10.3.1\thumb\v6-m\nofp\libgcc.a(floatsisf.o)
                0x08003434                __aeabi_i2f
 .text          0x080034d0      0x678 C:\Makefile\gcc-arm-none-eabi-10.3-2021.10\lib\gcc\arm-none-eabi\10.3.1\thumb\v6-m\nofp\libgcc.a(adddf3.o)
                0x080034d0                __aeabi_dadd
 .text          0x08003b48      0x5ec C:\Makefile\gcc-arm-none-eabi-10.3-2021.10\lib\gcc\arm-none-eabi\10.3.1\thumb\v6-m\nofp\libgcc.a(divdf3.o)
                0x08003b48                __aeabi_ddiv
 .text          0x08004134       0x84 C:\Makefile\gcc-arm-none-eabi-10.3-2021.10\lib\gcc\arm-none-eabi\10.3.1\thumb\v6-m\nofp\libgcc.a(eqdf2.o)
                0x08004134                __nedf2
                0x08004134                __eqdf2
 .text          0x080041b8       0xcc C:\Makefile\gcc-arm-none-eabi-10.3-2021.10\lib\gcc\arm-none-eabi\10.3.1\thumb\v6-m\nofp\libgcc.a(gedf2.o)
                0x080041b8                __gedf2
                0x080041b8                __gtdf2
 .text          0x08004284       0xc8 C:\Makefile\gcc-arm-none-eabi-10.3-2021.10\lib\gcc\arm-none-eabi\10.3.1\thumb\v6-m\nofp\libgcc.a(ledf2.o)
                0x08004284                __ledf2
                0x08004284                __ltdf2
 .text          0x0800434c      0x4d8 C:\Makefile\gcc-arm-none-eabi-10.3-2021.10\lib\gcc\arm-none-eabi\10.3.1\thumb\v6-m\nofp\libgcc.a(muldf3.o)
                0x0800434c                __aeabi_dmul
 .text          0x08004824      0x724 C:\Makefile\gcc-arm-none-eabi-10.3-2021.10\lib\gcc\arm-none-eabi\10.3.1\thumb\v6-m\nofp\libgcc.a(subdf3.o)
                0x08004824                __aeabi_dsub
 .text          0x08004f48       0x6c C:\Makefile\gcc-arm-none-eabi-10.3-2021.10\lib\gcc\arm-none-eabi\10.3.1\thumb\v6-m\nofp\libgcc.a(fixdfsi.o)
                0x08004f48                __aeabi_d2iz
 .text          0x08004fb4       0x60 C:\Makefile\gcc-arm-none-eabi-10.3-2021.10\lib\gcc\arm-none-eabi\10.3.1\thumb\v6-m\nofp\libgcc.a(floatsidf.o)
                0x08004fb4                __aeabi_i2d
 .text          0x08005014       0x90 C:\Makefile\gcc-arm-none-eabi-10.3-2021.10\lib\gcc\arm-none-eabi\10.3.1\thumb\v6-m\nofp\libgcc.a(extendsfdf2.o)
                0x08005014                __aeabi_f2d
 .text          0x080050a4      0x110 C:\Makefile\gcc-arm-none-eabi-10.3-2021.10\lib\gcc\arm-none-eabi\10.3.1\thumb\v6-m\nofp\libgcc.a(truncdfsf2.o)
                0x080050a4                __aeabi_d2f
 .text          0x080051b4      0x114 C:\Makefile\gcc-arm-none-eabi-10.3-2021.10\lib\gcc\arm-none-eabi\10.3.1\thumb\v6-m\nofp\libgcc.a(_udivsi3.o)
                0x080051b4                __aeabi_uidiv
                0x080051b4                __udivsi3
                0x080052c0                __aeabi_uidivmod
 .text          0x080052c8       0x3c C:\Makefile\gcc-arm-none-eabi-10.3-2021.10\lib\gcc\arm-none-eabi\10.3.1\thumb\v6-m\nofp\libgcc.a(_clzsi2.o)
                0x080052c8                __clzsi2
 .text          0x08005304        0x0 C:\Makefile\gcc-arm-none-eabi-10.3-2021.10\arm-none-eabi\lib\thumb\v6-m\nofp\libc_nano.a(lib_a-atoi.o)
 .text.atoi     0x08005304        0xc C:\Makefile\gcc-arm-none-eabi-10.3-2021.10\arm-none-eabi\lib\thumb\v6-m\nofp\libc_nano.a(lib_a-atoi.o)
                0x08005304                atoi
 .text._atoi_r  0x08005310        0xc C:\Makefile\gcc-arm-none-eabi-10.3-2021.10\arm-none-eabi\lib\thumb\v6-m\nofp\libc_nano.a(lib_a-atoi.o)
                0x08005310                _atoi_r
 .text          0x0800531c        0x0 C:\Makefile\gcc-arm-none-eabi-10.3-2021.10\arm-none-eabi\lib\thumb\v6-m\nofp\libc_nano.a(lib_a-fflush.o)
 .text.__sflush_r
                0x0800531c      0x118 C:\Makefile\gcc-arm-none-eabi-10.3-2021.10\arm-none-eabi\lib\thumb\v6-m\nofp\libc_nano.a(lib_a-fflush.o)
                0x0800531c                __sflush_r
 .text._fflush_r
                0x08005434       0x80 C:\Makefile\gcc-arm-none-eabi-10.3-2021.10\arm-none-eabi\lib\thumb\v6-m\nofp\libc_nano.a(lib_a-fflush.o)
                0x08005434                _fflush_r
 .text.fflush   0x080054b4       0x2c C:\Makefile\gcc-arm-none-eabi-10.3-2021.10\arm-none-eabi\lib\thumb\v6-m\nofp\libc_nano.a(lib_a-fflush.o)
                0x080054b4                fflush
 .text          0x080054e0        0x0 C:\Makefile\gcc-arm-none-eabi-10.3-2021.10\arm-none-eabi\lib\thumb\v6-m\nofp\libc_nano.a(lib_a-findfp.o)
 .text.std      0x080054e0       0x48 C:\Makefile\gcc-arm-none-eabi-10.3-2021.10\arm-none-eabi\lib\thumb\v6-m\nofp\libc_nano.a(lib_a-findfp.o)
 .text._cleanup_r
                0x08005528       0x10 C:\Makefile\gcc-arm-none-eabi-10.3-2021.10\arm-none-eabi\lib\thumb\v6-m\nofp\libc_nano.a(lib_a-findfp.o)
                0x08005528                _cleanup_r
 .text.__fp_lock
                0x08005538       0x18 C:\Makefile\gcc-arm-none-eabi-10.3-2021.10\arm-none-eabi\lib\thumb\v6-m\nofp\libc_nano.a(lib_a-findfp.o)
 .text.__fp_unlock
                0x08005550       0x18 C:\Makefile\gcc-arm-none-eabi-10.3-2021.10\arm-none-eabi\lib\thumb\v6-m\nofp\libc_nano.a(lib_a-findfp.o)
 .text.__sfmoreglue
                0x08005568       0x2c C:\Makefile\gcc-arm-none-eabi-10.3-2021.10\arm-none-eabi\lib\thumb\v6-m\nofp\libc_nano.a(lib_a-findfp.o)
                0x08005568                __sfmoreglue
 .text._cleanup
                0x08005594       0x10 C:\Makefile\gcc-arm-none-eabi-10.3-2021.10\arm-none-eabi\lib\thumb\v6-m\nofp\libc_nano.a(lib_a-findfp.o)
                0x08005594                _cleanup
 .text.__sfp_lock_acquire
                0x080055a4       0x10 C:\Makefile\gcc-arm-none-eabi-10.3-2021.10\arm-none-eabi\lib\thumb\v6-m\nofp\libc_nano.a(lib_a-findfp.o)
                0x080055a4                __sfp_lock_acquire
 .text.__sfp_lock_release
                0x080055b4       0x10 C:\Makefile\gcc-arm-none-eabi-10.3-2021.10\arm-none-eabi\lib\thumb\v6-m\nofp\libc_nano.a(lib_a-findfp.o)
                0x080055b4                __sfp_lock_release
 .text.__sinit_lock_acquire
                0x080055c4       0x10 C:\Makefile\gcc-arm-none-eabi-10.3-2021.10\arm-none-eabi\lib\thumb\v6-m\nofp\libc_nano.a(lib_a-findfp.o)
                0x080055c4                __sinit_lock_acquire
 .text.__sinit_lock_release
                0x080055d4       0x10 C:\Makefile\gcc-arm-none-eabi-10.3-2021.10\arm-none-eabi\lib\thumb\v6-m\nofp\libc_nano.a(lib_a-findfp.o)
                0x080055d4                __sinit_lock_release
 .text.__sinit  0x080055e4       0x70 C:\Makefile\gcc-arm-none-eabi-10.3-2021.10\arm-none-eabi\lib\thumb\v6-m\nofp\libc_nano.a(lib_a-findfp.o)
                0x080055e4                __sinit
 .text.__sfp    0x08005654       0x90 C:\Makefile\gcc-arm-none-eabi-10.3-2021.10\arm-none-eabi\lib\thumb\v6-m\nofp\libc_nano.a(lib_a-findfp.o)
                0x08005654                __sfp
 .text.__fp_lock_all
                0x080056e4       0x1c C:\Makefile\gcc-arm-none-eabi-10.3-2021.10\arm-none-eabi\lib\thumb\v6-m\nofp\libc_nano.a(lib_a-findfp.o)
                0x080056e4                __fp_lock_all
 .text.__fp_unlock_all
                0x08005700       0x1c C:\Makefile\gcc-arm-none-eabi-10.3-2021.10\arm-none-eabi\lib\thumb\v6-m\nofp\libc_nano.a(lib_a-findfp.o)
                0x08005700                __fp_unlock_all
 .text          0x0800571c        0x0 C:\Makefile\gcc-arm-none-eabi-10.3-2021.10\arm-none-eabi\lib\thumb\v6-m\nofp\libc_nano.a(lib_a-fwalk.o)
 .text._fwalk   0x0800571c       0x36 C:\Makefile\gcc-arm-none-eabi-10.3-2021.10\arm-none-eabi\lib\thumb\v6-m\nofp\libc_nano.a(lib_a-fwalk.o)
                0x0800571c                _fwalk
 .text._fwalk_reent
                0x08005752       0x40 C:\Makefile\gcc-arm-none-eabi-10.3-2021.10\arm-none-eabi\lib\thumb\v6-m\nofp\libc_nano.a(lib_a-fwalk.o)
                0x08005752                _fwalk_reent
 .text          0x08005792        0x0 C:\Makefile\gcc-arm-none-eabi-10.3-2021.10\arm-none-eabi\lib\thumb\v6-m\nofp\libc_nano.a(lib_a-impure.o)
 .text          0x08005792        0x0 C:\Makefile\gcc-arm-none-eabi-10.3-2021.10\arm-none-eabi\lib\thumb\v6-m\nofp\libc_nano.a(lib_a-lock.o)
 .text.__retarget_lock_init
                0x08005792        0x2 C:\Makefile\gcc-arm-none-eabi-10.3-2021.10\arm-none-eabi\lib\thumb\v6-m\nofp\libc_nano.a(lib_a-lock.o)
                0x08005792                __retarget_lock_init
 .text.__retarget_lock_init_recursive
                0x08005794        0x2 C:\Makefile\gcc-arm-none-eabi-10.3-2021.10\arm-none-eabi\lib\thumb\v6-m\nofp\libc_nano.a(lib_a-lock.o)
                0x08005794                __retarget_lock_init_recursive
 .text.__retarget_lock_close
                0x08005796        0x2 C:\Makefile\gcc-arm-none-eabi-10.3-2021.10\arm-none-eabi\lib\thumb\v6-m\nofp\libc_nano.a(lib_a-lock.o)
                0x08005796                __retarget_lock_close
 .text.__retarget_lock_close_recursive
                0x08005798        0x2 C:\Makefile\gcc-arm-none-eabi-10.3-2021.10\arm-none-eabi\lib\thumb\v6-m\nofp\libc_nano.a(lib_a-lock.o)
                0x08005798                __retarget_lock_close_recursive
 .text.__retarget_lock_acquire
                0x0800579a        0x2 C:\Makefile\gcc-arm-none-eabi-10.3-2021.10\arm-none-eabi\lib\thumb\v6-m\nofp\libc_nano.a(lib_a-lock.o)
                0x0800579a                __retarget_lock_acquire
 .text.__retarget_lock_acquire_recursive
                0x0800579c        0x2 C:\Makefile\gcc-arm-none-eabi-10.3-2021.10\arm-none-eabi\lib\thumb\v6-m\nofp\libc_nano.a(lib_a-lock.o)
                0x0800579c                __retarget_lock_acquire_recursive
 .text.__retarget_lock_try_acquire
                0x0800579e        0x4 C:\Makefile\gcc-arm-none-eabi-10.3-2021.10\arm-none-eabi\lib\thumb\v6-m\nofp\libc_nano.a(lib_a-lock.o)
                0x0800579e                __retarget_lock_try_acquire
 .text.__retarget_lock_try_acquire_recursive
                0x080057a2        0x4 C:\Makefile\gcc-arm-none-eabi-10.3-2021.10\arm-none-eabi\lib\thumb\v6-m\nofp\libc_nano.a(lib_a-lock.o)
                0x080057a2                __retarget_lock_try_acquire_recursive
 .text.__retarget_lock_release
                0x080057a6        0x2 C:\Makefile\gcc-arm-none-eabi-10.3-2021.10\arm-none-eabi\lib\thumb\v6-m\nofp\libc_nano.a(lib_a-lock.o)
                0x080057a6                __retarget_lock_release
 .text.__retarget_lock_release_recursive
                0x080057a8        0x2 C:\Makefile\gcc-arm-none-eabi-10.3-2021.10\arm-none-eabi\lib\thumb\v6-m\nofp\libc_nano.a(lib_a-lock.o)
                0x080057a8                __retarget_lock_release_recursive
 .text          0x080057aa        0x0 C:\Makefile\gcc-arm-none-eabi-10.3-2021.10\arm-none-eabi\lib\thumb\v6-m\nofp\libc_nano.a(lib_a-memset.o)
 .text.memset   0x080057aa       0x10 C:\Makefile\gcc-arm-none-eabi-10.3-2021.10\arm-none-eabi\lib\thumb\v6-m\nofp\libc_nano.a(lib_a-memset.o)
                0x080057aa                memset
 .text          0x080057ba        0x0 C:\Makefile\gcc-arm-none-eabi-10.3-2021.10\arm-none-eabi\lib\thumb\v6-m\nofp\libc_nano.a(lib_a-nano-freer.o)
 *fill*         0x080057ba        0x2 
 .text._free_r  0x080057bc       0x94 C:\Makefile\gcc-arm-none-eabi-10.3-2021.10\arm-none-eabi\lib\thumb\v6-m\nofp\libc_nano.a(lib_a-nano-freer.o)
                0x080057bc                _free_r
 .text          0x08005850        0x0 C:\Makefile\gcc-arm-none-eabi-10.3-2021.10\arm-none-eabi\lib\thumb\v6-m\nofp\libc_nano.a(lib_a-nano-mallocr.o)
 .text.sbrk_aligned
                0x08005850       0x44 C:\Makefile\gcc-arm-none-eabi-10.3-2021.10\arm-none-eabi\lib\thumb\v6-m\nofp\libc_nano.a(lib_a-nano-mallocr.o)
 .text._malloc_r
                0x08005894       0xec C:\Makefile\gcc-arm-none-eabi-10.3-2021.10\arm-none-eabi\lib\thumb\v6-m\nofp\libc_nano.a(lib_a-nano-mallocr.o)
                0x08005894                _malloc_r
 .text          0x08005980        0x0 C:\Makefile\gcc-arm-none-eabi-10.3-2021.10\arm-none-eabi\lib\thumb\v6-m\nofp\libc_nano.a(lib_a-nano-vfprintf_float.o)
 .text.__cvt    0x08005980       0xc6 C:\Makefile\gcc-arm-none-eabi-10.3-2021.10\arm-none-eabi\lib\thumb\v6-m\nofp\libc_nano.a(lib_a-nano-vfprintf_float.o)
                0x08005980                __cvt
 .text.__exponent
                0x08005a46       0x8e C:\Makefile\gcc-arm-none-eabi-10.3-2021.10\arm-none-eabi\lib\thumb\v6-m\nofp\libc_nano.a(lib_a-nano-vfprintf_float.o)
                0x08005a46                __exponent
 .text._printf_float
                0x08005ad4      0x484 C:\Makefile\gcc-arm-none-eabi-10.3-2021.10\arm-none-eabi\lib\thumb\v6-m\nofp\libc_nano.a(lib_a-nano-vfprintf_float.o)
                0x08005ad4                _printf_float
 .text          0x08005f58        0x0 C:\Makefile\gcc-arm-none-eabi-10.3-2021.10\arm-none-eabi\lib\thumb\v6-m\nofp\libc_nano.a(lib_a-nano-vfprintf_i.o)
 .text._printf_common
                0x08005f58       0xde C:\Makefile\gcc-arm-none-eabi-10.3-2021.10\arm-none-eabi\lib\thumb\v6-m\nofp\libc_nano.a(lib_a-nano-vfprintf_i.o)
                0x08005f58                _printf_common
 *fill*         0x08006036        0x2 
 .text._printf_i
                0x08006038      0x224 C:\Makefile\gcc-arm-none-eabi-10.3-2021.10\arm-none-eabi\lib\thumb\v6-m\nofp\libc_nano.a(lib_a-nano-vfprintf_i.o)
                0x08006038                _printf_i
 .text          0x0800625c        0x0 C:\Makefile\gcc-arm-none-eabi-10.3-2021.10\arm-none-eabi\lib\thumb\v6-m\nofp\libc_nano.a(lib_a-printf.o)
 .text._printf_r
                0x0800625c       0x28 C:\Makefile\gcc-arm-none-eabi-10.3-2021.10\arm-none-eabi\lib\thumb\v6-m\nofp\libc_nano.a(lib_a-printf.o)
                0x0800625c                _iprintf_r
                0x0800625c                _printf_r
 .text.printf   0x08006284       0x34 C:\Makefile\gcc-arm-none-eabi-10.3-2021.10\arm-none-eabi\lib\thumb\v6-m\nofp\libc_nano.a(lib_a-printf.o)
                0x08006284                iprintf
                0x08006284                printf
 .text          0x080062b8        0x0 C:\Makefile\gcc-arm-none-eabi-10.3-2021.10\arm-none-eabi\lib\thumb\v6-m\nofp\libc_nano.a(lib_a-puts.o)
 .text._puts_r  0x080062b8       0xe4 C:\Makefile\gcc-arm-none-eabi-10.3-2021.10\arm-none-eabi\lib\thumb\v6-m\nofp\libc_nano.a(lib_a-puts.o)
                0x080062b8                _puts_r
 .text.puts     0x0800639c       0x14 C:\Makefile\gcc-arm-none-eabi-10.3-2021.10\arm-none-eabi\lib\thumb\v6-m\nofp\libc_nano.a(lib_a-puts.o)
                0x0800639c                puts
 .text          0x080063b0        0x0 C:\Makefile\gcc-arm-none-eabi-10.3-2021.10\arm-none-eabi\lib\thumb\v6-m\nofp\libc_nano.a(lib_a-sbrkr.o)
 .text._sbrk_r  0x080063b0       0x24 C:\Makefile\gcc-arm-none-eabi-10.3-2021.10\arm-none-eabi\lib\thumb\v6-m\nofp\libc_nano.a(lib_a-sbrkr.o)
                0x080063b0                _sbrk_r
 .text          0x080063d4        0x0 C:\Makefile\gcc-arm-none-eabi-10.3-2021.10\arm-none-eabi\lib\thumb\v6-m\nofp\libc_nano.a(lib_a-sprintf.o)
 .text._sprintf_r
                0x080063d4       0x38 C:\Makefile\gcc-arm-none-eabi-10.3-2021.10\arm-none-eabi\lib\thumb\v6-m\nofp\libc_nano.a(lib_a-sprintf.o)
                0x080063d4                _sprintf_r
                0x080063d4                _siprintf_r
 .text.sprintf  0x0800640c       0x40 C:\Makefile\gcc-arm-none-eabi-10.3-2021.10\arm-none-eabi\lib\thumb\v6-m\nofp\libc_nano.a(lib_a-sprintf.o)
                0x0800640c                siprintf
                0x0800640c                sprintf
 .text          0x0800644c        0x0 C:\Makefile\gcc-arm-none-eabi-10.3-2021.10\arm-none-eabi\lib\thumb\v6-m\nofp\libc_nano.a(lib_a-stdio.o)
 .text.__sread  0x0800644c       0x28 C:\Makefile\gcc-arm-none-eabi-10.3-2021.10\arm-none-eabi\lib\thumb\v6-m\nofp\libc_nano.a(lib_a-stdio.o)
                0x0800644c                __sread
 .text.__seofread
                0x08006474        0x4 C:\Makefile\gcc-arm-none-eabi-10.3-2021.10\arm-none-eabi\lib\thumb\v6-m\nofp\libc_nano.a(lib_a-stdio.o)
                0x08006474                __seofread
 .text.__swrite
                0x08006478       0x38 C:\Makefile\gcc-arm-none-eabi-10.3-2021.10\arm-none-eabi\lib\thumb\v6-m\nofp\libc_nano.a(lib_a-stdio.o)
                0x08006478                __swrite
 .text.__sseek  0x080064b0       0x2c C:\Makefile\gcc-arm-none-eabi-10.3-2021.10\arm-none-eabi\lib\thumb\v6-m\nofp\libc_nano.a(lib_a-stdio.o)
                0x080064b0                __sseek
 .text.__sclose
                0x080064dc        0xc C:\Makefile\gcc-arm-none-eabi-10.3-2021.10\arm-none-eabi\lib\thumb\v6-m\nofp\libc_nano.a(lib_a-stdio.o)
                0x080064dc                __sclose
 .text          0x080064e8        0xe C:\Makefile\gcc-arm-none-eabi-10.3-2021.10\arm-none-eabi\lib\thumb\v6-m\nofp\libc_nano.a(lib_a-strlen.o)
                0x080064e8                strlen
 .text          0x080064f6        0x0 C:\Makefile\gcc-arm-none-eabi-10.3-2021.10\arm-none-eabi\lib\thumb\v6-m\nofp\libc_nano.a(lib_a-strtol.o)
 *fill*         0x080064f6        0x2 
 .text._strtol_l.constprop.0
                0x080064f8      0x11c C:\Makefile\gcc-arm-none-eabi-10.3-2021.10\arm-none-eabi\lib\thumb\v6-m\nofp\libc_nano.a(lib_a-strtol.o)
 .text._strtol_r
                0x08006614        0x8 C:\Makefile\gcc-arm-none-eabi-10.3-2021.10\arm-none-eabi\lib\thumb\v6-m\nofp\libc_nano.a(lib_a-strtol.o)
                0x08006614                _strtol_r
 .text.strtol_l
                0x0800661c       0x18 C:\Makefile\gcc-arm-none-eabi-10.3-2021.10\arm-none-eabi\lib\thumb\v6-m\nofp\libc_nano.a(lib_a-strtol.o)
                0x0800661c                strtol_l
 .text.strtol   0x08006634       0x18 C:\Makefile\gcc-arm-none-eabi-10.3-2021.10\arm-none-eabi\lib\thumb\v6-m\nofp\libc_nano.a(lib_a-strtol.o)
                0x08006634                strtol
 .text          0x0800664c        0x0 C:\Makefile\gcc-arm-none-eabi-10.3-2021.10\arm-none-eabi\lib\thumb\v6-m\nofp\libc_nano.a(lib_a-wbuf.o)
 .text.__swbuf_r
                0x0800664c       0xac C:\Makefile\gcc-arm-none-eabi-10.3-2021.10\arm-none-eabi\lib\thumb\v6-m\nofp\libc_nano.a(lib_a-wbuf.o)
                0x0800664c                __swbuf_r
 .text.__swbuf  0x080066f8       0x14 C:\Makefile\gcc-arm-none-eabi-10.3-2021.10\arm-none-eabi\lib\thumb\v6-m\nofp\libc_nano.a(lib_a-wbuf.o)
                0x080066f8                __swbuf
 .text          0x0800670c        0x0 C:\Makefile\gcc-arm-none-eabi-10.3-2021.10\arm-none-eabi\lib\thumb\v6-m\nofp\libc_nano.a(lib_a-writer.o)
 .text._write_r
                0x0800670c       0x28 C:\Makefile\gcc-arm-none-eabi-10.3-2021.10\arm-none-eabi\lib\thumb\v6-m\nofp\libc_nano.a(lib_a-writer.o)
                0x0800670c                _write_r
 .text          0x08006734        0x0 C:\Makefile\gcc-arm-none-eabi-10.3-2021.10\arm-none-eabi\lib\thumb\v6-m\nofp\libc_nano.a(lib_a-wsetup.o)
 .text.__swsetup_r
                0x08006734       0xf0 C:\Makefile\gcc-arm-none-eabi-10.3-2021.10\arm-none-eabi\lib\thumb\v6-m\nofp\libc_nano.a(lib_a-wsetup.o)
                0x08006734                __swsetup_r
 .text          0x08006824        0x0 C:\Makefile\gcc-arm-none-eabi-10.3-2021.10\arm-none-eabi\lib\thumb\v6-m\nofp\libc_nano.a(lib_a-closer.o)
 .text._close_r
                0x08006824       0x24 C:\Makefile\gcc-arm-none-eabi-10.3-2021.10\arm-none-eabi\lib\thumb\v6-m\nofp\libc_nano.a(lib_a-closer.o)
                0x08006824                _close_r
 .text          0x08006848        0x0 C:\Makefile\gcc-arm-none-eabi-10.3-2021.10\arm-none-eabi\lib\thumb\v6-m\nofp\libc_nano.a(lib_a-ctype_.o)
 .text          0x08006848        0x0 C:\Makefile\gcc-arm-none-eabi-10.3-2021.10\arm-none-eabi\lib\thumb\v6-m\nofp\libc_nano.a(lib_a-dtoa.o)
 .text.quorem   0x08006848      0x116 C:\Makefile\gcc-arm-none-eabi-10.3-2021.10\arm-none-eabi\lib\thumb\v6-m\nofp\libc_nano.a(lib_a-dtoa.o)
 *fill*         0x0800695e        0x2 
 .text._dtoa_r  0x08006960      0xc34 C:\Makefile\gcc-arm-none-eabi-10.3-2021.10\arm-none-eabi\lib\thumb\v6-m\nofp\libc_nano.a(lib_a-dtoa.o)
                0x08006960                _dtoa_r
 .text          0x08007594        0x0 C:\Makefile\gcc-arm-none-eabi-10.3-2021.10\arm-none-eabi\lib\thumb\v6-m\nofp\libc_nano.a(lib_a-errno.o)
 .text.__errno  0x08007594        0xc C:\Makefile\gcc-arm-none-eabi-10.3-2021.10\arm-none-eabi\lib\thumb\v6-m\nofp\libc_nano.a(lib_a-errno.o)
                0x08007594                __errno
 .text          0x080075a0        0x0 C:\Makefile\gcc-arm-none-eabi-10.3-2021.10\arm-none-eabi\lib\thumb\v6-m\nofp\libc_nano.a(lib_a-localeconv.o)
 .text.__localeconv_l
                0x080075a0        0x4 C:\Makefile\gcc-arm-none-eabi-10.3-2021.10\arm-none-eabi\lib\thumb\v6-m\nofp\libc_nano.a(lib_a-localeconv.o)
                0x080075a0                __localeconv_l
 .text._localeconv_r
                0x080075a4        0x8 C:\Makefile\gcc-arm-none-eabi-10.3-2021.10\arm-none-eabi\lib\thumb\v6-m\nofp\libc_nano.a(lib_a-localeconv.o)
                0x080075a4                _localeconv_r
 .text.localeconv
                0x080075ac        0x8 C:\Makefile\gcc-arm-none-eabi-10.3-2021.10\arm-none-eabi\lib\thumb\v6-m\nofp\libc_nano.a(lib_a-localeconv.o)
                0x080075ac                localeconv
 .text          0x080075b4        0x0 C:\Makefile\gcc-arm-none-eabi-10.3-2021.10\arm-none-eabi\lib\thumb\v6-m\nofp\libc_nano.a(lib_a-lseekr.o)
 .text._lseek_r
                0x080075b4       0x28 C:\Makefile\gcc-arm-none-eabi-10.3-2021.10\arm-none-eabi\lib\thumb\v6-m\nofp\libc_nano.a(lib_a-lseekr.o)
                0x080075b4                _lseek_r
 .text          0x080075dc        0x0 C:\Makefile\gcc-arm-none-eabi-10.3-2021.10\arm-none-eabi\lib\thumb\v6-m\nofp\libc_nano.a(lib_a-makebuf.o)
 .text.__swhatbuf_r
                0x080075dc       0x50 C:\Makefile\gcc-arm-none-eabi-10.3-2021.10\arm-none-eabi\lib\thumb\v6-m\nofp\libc_nano.a(lib_a-makebuf.o)
                0x080075dc                __swhatbuf_r
 .text.__smakebuf_r
                0x0800762c       0x88 C:\Makefile\gcc-arm-none-eabi-10.3-2021.10\arm-none-eabi\lib\thumb\v6-m\nofp\libc_nano.a(lib_a-makebuf.o)
                0x0800762c                __smakebuf_r
 .text          0x080076b4        0x0 C:\Makefile\gcc-arm-none-eabi-10.3-2021.10\arm-none-eabi\lib\thumb\v6-m\nofp\libc_nano.a(lib_a-malloc.o)
 .text.malloc   0x080076b4       0x14 C:\Makefile\gcc-arm-none-eabi-10.3-2021.10\arm-none-eabi\lib\thumb\v6-m\nofp\libc_nano.a(lib_a-malloc.o)
                0x080076b4                malloc
 .text.free     0x080076c8       0x14 C:\Makefile\gcc-arm-none-eabi-10.3-2021.10\arm-none-eabi\lib\thumb\v6-m\nofp\libc_nano.a(lib_a-malloc.o)
                0x080076c8                free
 .text          0x080076dc        0x0 C:\Makefile\gcc-arm-none-eabi-10.3-2021.10\arm-none-eabi\lib\thumb\v6-m\nofp\libc_nano.a(lib_a-memchr-stub.o)
 .text.memchr   0x080076dc       0x16 C:\Makefile\gcc-arm-none-eabi-10.3-2021.10\arm-none-eabi\lib\thumb\v6-m\nofp\libc_nano.a(lib_a-memchr-stub.o)
                0x080076dc                memchr
 .text          0x080076f2        0x0 C:\Makefile\gcc-arm-none-eabi-10.3-2021.10\arm-none-eabi\lib\thumb\v6-m\nofp\libc_nano.a(lib_a-memcpy-stub.o)
 .text.memcpy   0x080076f2       0x12 C:\Makefile\gcc-arm-none-eabi-10.3-2021.10\arm-none-eabi\lib\thumb\v6-m\nofp\libc_nano.a(lib_a-memcpy-stub.o)
                0x080076f2                memcpy
 .text          0x08007704        0x0 C:\Makefile\gcc-arm-none-eabi-10.3-2021.10\arm-none-eabi\lib\thumb\v6-m\nofp\libc_nano.a(lib_a-mlock.o)
 .text.__malloc_lock
                0x08007704       0x10 C:\Makefile\gcc-arm-none-eabi-10.3-2021.10\arm-none-eabi\lib\thumb\v6-m\nofp\libc_nano.a(lib_a-mlock.o)
                0x08007704                __malloc_lock
 .text.__malloc_unlock
                0x08007714       0x10 C:\Makefile\gcc-arm-none-eabi-10.3-2021.10\arm-none-eabi\lib\thumb\v6-m\nofp\libc_nano.a(lib_a-mlock.o)
                0x08007714                __malloc_unlock
 .text          0x08007724        0x0 C:\Makefile\gcc-arm-none-eabi-10.3-2021.10\arm-none-eabi\lib\thumb\v6-m\nofp\libc_nano.a(lib_a-mprec.o)
 .text._Balloc  0x08007724       0x88 C:\Makefile\gcc-arm-none-eabi-10.3-2021.10\arm-none-eabi\lib\thumb\v6-m\nofp\libc_nano.a(lib_a-mprec.o)
                0x08007724                _Balloc
 .text._Bfree   0x080077ac       0x48 C:\Makefile\gcc-arm-none-eabi-10.3-2021.10\arm-none-eabi\lib\thumb\v6-m\nofp\libc_nano.a(lib_a-mprec.o)
                0x080077ac                _Bfree
 .text.__multadd
                0x080077f4       0x88 C:\Makefile\gcc-arm-none-eabi-10.3-2021.10\arm-none-eabi\lib\thumb\v6-m\nofp\libc_nano.a(lib_a-mprec.o)
                0x080077f4                __multadd
 .text.__s2b    0x0800787c       0x98 C:\Makefile\gcc-arm-none-eabi-10.3-2021.10\arm-none-eabi\lib\thumb\v6-m\nofp\libc_nano.a(lib_a-mprec.o)
                0x0800787c                __s2b
 .text.__hi0bits
                0x08007914       0x34 C:\Makefile\gcc-arm-none-eabi-10.3-2021.10\arm-none-eabi\lib\thumb\v6-m\nofp\libc_nano.a(lib_a-mprec.o)
                0x08007914                __hi0bits
 .text.__lo0bits
                0x08007948       0x5c C:\Makefile\gcc-arm-none-eabi-10.3-2021.10\arm-none-eabi\lib\thumb\v6-m\nofp\libc_nano.a(lib_a-mprec.o)
                0x08007948                __lo0bits
 .text.__i2b    0x080079a4       0x2c C:\Makefile\gcc-arm-none-eabi-10.3-2021.10\arm-none-eabi\lib\thumb\v6-m\nofp\libc_nano.a(lib_a-mprec.o)
                0x080079a4                __i2b
 .text.__multiply
                0x080079d0      0x160 C:\Makefile\gcc-arm-none-eabi-10.3-2021.10\arm-none-eabi\lib\thumb\v6-m\nofp\libc_nano.a(lib_a-mprec.o)
                0x080079d0                __multiply
 .text.__pow5mult
                0x08007b30       0xb8 C:\Makefile\gcc-arm-none-eabi-10.3-2021.10\arm-none-eabi\lib\thumb\v6-m\nofp\libc_nano.a(lib_a-mprec.o)
                0x08007b30                __pow5mult
 .text.__lshift
                0x08007be8       0xdc C:\Makefile\gcc-arm-none-eabi-10.3-2021.10\arm-none-eabi\lib\thumb\v6-m\nofp\libc_nano.a(lib_a-mprec.o)
                0x08007be8                __lshift
 .text.__mcmp   0x08007cc4       0x36 C:\Makefile\gcc-arm-none-eabi-10.3-2021.10\arm-none-eabi\lib\thumb\v6-m\nofp\libc_nano.a(lib_a-mprec.o)
                0x08007cc4                __mcmp
 *fill*         0x08007cfa        0x2 
 .text.__mdiff  0x08007cfc      0x130 C:\Makefile\gcc-arm-none-eabi-10.3-2021.10\arm-none-eabi\lib\thumb\v6-m\nofp\libc_nano.a(lib_a-mprec.o)
                0x08007cfc                __mdiff
 .text.__ulp    0x08007e2c       0x48 C:\Makefile\gcc-arm-none-eabi-10.3-2021.10\arm-none-eabi\lib\thumb\v6-m\nofp\libc_nano.a(lib_a-mprec.o)
                0x08007e2c                __ulp
 .text.__b2d    0x08007e74       0xa0 C:\Makefile\gcc-arm-none-eabi-10.3-2021.10\arm-none-eabi\lib\thumb\v6-m\nofp\libc_nano.a(lib_a-mprec.o)
                0x08007e74                __b2d
 .text.__d2b    0x08007f14       0xc8 C:\Makefile\gcc-arm-none-eabi-10.3-2021.10\arm-none-eabi\lib\thumb\v6-m\nofp\libc_nano.a(lib_a-mprec.o)
                0x08007f14                __d2b
 .text.__ratio  0x08007fdc       0x52 C:\Makefile\gcc-arm-none-eabi-10.3-2021.10\arm-none-eabi\lib\thumb\v6-m\nofp\libc_nano.a(lib_a-mprec.o)
                0x08007fdc                __ratio
 *fill*         0x0800802e        0x2 
 .text._mprec_log10
                0x08008030       0x34 C:\Makefile\gcc-arm-none-eabi-10.3-2021.10\arm-none-eabi\lib\thumb\v6-m\nofp\libc_nano.a(lib_a-mprec.o)
                0x08008030                _mprec_log10
 .text.__copybits
                0x08008064       0x42 C:\Makefile\gcc-arm-none-eabi-10.3-2021.10\arm-none-eabi\lib\thumb\v6-m\nofp\libc_nano.a(lib_a-mprec.o)
                0x08008064                __copybits
 .text.__any_on
                0x080080a6       0x46 C:\Makefile\gcc-arm-none-eabi-10.3-2021.10\arm-none-eabi\lib\thumb\v6-m\nofp\libc_nano.a(lib_a-mprec.o)
                0x080080a6                __any_on
 .text          0x080080ec        0x0 C:\Makefile\gcc-arm-none-eabi-10.3-2021.10\arm-none-eabi\lib\thumb\v6-m\nofp\libc_nano.a(lib_a-nano-callocr.o)
 .text._calloc_r
                0x080080ec       0x58 C:\Makefile\gcc-arm-none-eabi-10.3-2021.10\arm-none-eabi\lib\thumb\v6-m\nofp\libc_nano.a(lib_a-nano-callocr.o)
                0x080080ec                _calloc_r
 .text          0x08008144        0x0 C:\Makefile\gcc-arm-none-eabi-10.3-2021.10\arm-none-eabi\lib\thumb\v6-m\nofp\libc_nano.a(lib_a-nano-svfprintf.o)
 .text.__ssputs_r
                0x08008144       0xc4 C:\Makefile\gcc-arm-none-eabi-10.3-2021.10\arm-none-eabi\lib\thumb\v6-m\nofp\libc_nano.a(lib_a-nano-svfprintf.o)
                0x08008144                __ssputs_r
 .text.__ssprint_r
                0x08008208      0x100 C:\Makefile\gcc-arm-none-eabi-10.3-2021.10\arm-none-eabi\lib\thumb\v6-m\nofp\libc_nano.a(lib_a-nano-svfprintf.o)
                0x08008208                __ssprint_r
 .text._svfprintf_r
                0x08008308      0x200 C:\Makefile\gcc-arm-none-eabi-10.3-2021.10\arm-none-eabi\lib\thumb\v6-m\nofp\libc_nano.a(lib_a-nano-svfprintf.o)
                0x08008308                _svfiprintf_r
                0x08008308                _svfprintf_r
 .text          0x08008508        0x0 C:\Makefile\gcc-arm-none-eabi-10.3-2021.10\arm-none-eabi\lib\thumb\v6-m\nofp\libc_nano.a(lib_a-nano-vfprintf.o)
 .text.__sfputc_r
                0x08008508       0x2a C:\Makefile\gcc-arm-none-eabi-10.3-2021.10\arm-none-eabi\lib\thumb\v6-m\nofp\libc_nano.a(lib_a-nano-vfprintf.o)
 .text.__sfputs_r
                0x08008532       0x24 C:\Makefile\gcc-arm-none-eabi-10.3-2021.10\arm-none-eabi\lib\thumb\v6-m\nofp\libc_nano.a(lib_a-nano-vfprintf.o)
                0x08008532                __sfputs_r
 .text.__sprint_r
                0x08008556       0x1c C:\Makefile\gcc-arm-none-eabi-10.3-2021.10\arm-none-eabi\lib\thumb\v6-m\nofp\libc_nano.a(lib_a-nano-vfprintf.o)
                0x08008556                __sprint_r
 *fill*         0x08008572        0x2 
 .text._vfprintf_r
                0x08008574      0x274 C:\Makefile\gcc-arm-none-eabi-10.3-2021.10\arm-none-eabi\lib\thumb\v6-m\nofp\libc_nano.a(lib_a-nano-vfprintf.o)
                0x08008574                _vfprintf_r
                0x08008574                _vfiprintf_r
 .text.vfprintf
                0x080087e8       0x18 C:\Makefile\gcc-arm-none-eabi-10.3-2021.10\arm-none-eabi\lib\thumb\v6-m\nofp\libc_nano.a(lib_a-nano-vfprintf.o)
                0x080087e8                vfprintf
                0x080087e8                vfiprintf
 .text          0x08008800        0x0 C:\Makefile\gcc-arm-none-eabi-10.3-2021.10\arm-none-eabi\lib\thumb\v6-m\nofp\libc_nano.a(lib_a-readr.o)
 .text._read_r  0x08008800       0x28 C:\Makefile\gcc-arm-none-eabi-10.3-2021.10\arm-none-eabi\lib\thumb\v6-m\nofp\libc_nano.a(lib_a-readr.o)
                0x08008800                _read_r
 .text          0x08008828        0x0 C:\Makefile\gcc-arm-none-eabi-10.3-2021.10\arm-none-eabi\lib\thumb\v6-m\nofp\libc_nano.a(lib_a-assert.o)
 .text.__assert_func
                0x08008828       0x3c C:\Makefile\gcc-arm-none-eabi-10.3-2021.10\arm-none-eabi\lib\thumb\v6-m\nofp\libc_nano.a(lib_a-assert.o)
                0x08008828                __assert_func
 .text.__assert
                0x08008864        0xa C:\Makefile\gcc-arm-none-eabi-10.3-2021.10\arm-none-eabi\lib\thumb\v6-m\nofp\libc_nano.a(lib_a-assert.o)
                0x08008864                __assert
 .text          0x0800886e        0x0 C:\Makefile\gcc-arm-none-eabi-10.3-2021.10\arm-none-eabi\lib\thumb\v6-m\nofp\libc_nano.a(lib_a-fprintf.o)
 .text._fprintf_r
                0x0800886e       0x16 C:\Makefile\gcc-arm-none-eabi-10.3-2021.10\arm-none-eabi\lib\thumb\v6-m\nofp\libc_nano.a(lib_a-fprintf.o)
                0x0800886e                _fiprintf_r
                0x0800886e                _fprintf_r
 .text.fprintf  0x08008884       0x20 C:\Makefile\gcc-arm-none-eabi-10.3-2021.10\arm-none-eabi\lib\thumb\v6-m\nofp\libc_nano.a(lib_a-fprintf.o)
                0x08008884                fiprintf
                0x08008884                fprintf
 .text          0x080088a4        0x0 C:\Makefile\gcc-arm-none-eabi-10.3-2021.10\arm-none-eabi\lib\thumb\v6-m\nofp\libc_nano.a(lib_a-fstatr.o)
 .text._fstat_r
                0x080088a4       0x24 C:\Makefile\gcc-arm-none-eabi-10.3-2021.10\arm-none-eabi\lib\thumb\v6-m\nofp\libc_nano.a(lib_a-fstatr.o)
                0x080088a4                _fstat_r
 .text          0x080088c8        0x0 C:\Makefile\gcc-arm-none-eabi-10.3-2021.10\arm-none-eabi\lib\thumb\v6-m\nofp\libc_nano.a(lib_a-fvwrite.o)
 .text.__sfvwrite_r
                0x080088c8      0x2d0 C:\Makefile\gcc-arm-none-eabi-10.3-2021.10\arm-none-eabi\lib\thumb\v6-m\nofp\libc_nano.a(lib_a-fvwrite.o)
                0x080088c8                __sfvwrite_r
 .text          0x08008b98        0x0 C:\Makefile\gcc-arm-none-eabi-10.3-2021.10\arm-none-eabi\lib\thumb\v6-m\nofp\libc_nano.a(lib_a-isattyr.o)
 .text._isatty_r
                0x08008b98       0x24 C:\Makefile\gcc-arm-none-eabi-10.3-2021.10\arm-none-eabi\lib\thumb\v6-m\nofp\libc_nano.a(lib_a-isattyr.o)
                0x08008b98                _isatty_r
 .text          0x08008bbc        0x0 C:\Makefile\gcc-arm-none-eabi-10.3-2021.10\arm-none-eabi\lib\thumb\v6-m\nofp\libc_nano.a(lib_a-locale.o)
 .text._setlocale_r
                0x08008bbc       0x40 C:\Makefile\gcc-arm-none-eabi-10.3-2021.10\arm-none-eabi\lib\thumb\v6-m\nofp\libc_nano.a(lib_a-locale.o)
                0x08008bbc                _setlocale_r
 .text.__locale_mb_cur_max
                0x08008bfc       0x10 C:\Makefile\gcc-arm-none-eabi-10.3-2021.10\arm-none-eabi\lib\thumb\v6-m\nofp\libc_nano.a(lib_a-locale.o)
                0x08008bfc                __locale_mb_cur_max
 .text.setlocale
                0x08008c0c       0x14 C:\Makefile\gcc-arm-none-eabi-10.3-2021.10\arm-none-eabi\lib\thumb\v6-m\nofp\libc_nano.a(lib_a-locale.o)
                0x08008c0c                setlocale
 .text          0x08008c20        0x0 C:\Makefile\gcc-arm-none-eabi-10.3-2021.10\arm-none-eabi\lib\thumb\v6-m\nofp\libc_nano.a(lib_a-mbtowc_r.o)
 .text._mbtowc_r
                0x08008c20       0x14 C:\Makefile\gcc-arm-none-eabi-10.3-2021.10\arm-none-eabi\lib\thumb\v6-m\nofp\libc_nano.a(lib_a-mbtowc_r.o)
                0x08008c20                _mbtowc_r
 .text.__ascii_mbtowc
                0x08008c34       0x24 C:\Makefile\gcc-arm-none-eabi-10.3-2021.10\arm-none-eabi\lib\thumb\v6-m\nofp\libc_nano.a(lib_a-mbtowc_r.o)
                0x08008c34                __ascii_mbtowc
 .text          0x08008c58        0x0 C:\Makefile\gcc-arm-none-eabi-10.3-2021.10\arm-none-eabi\lib\thumb\v6-m\nofp\libc_nano.a(lib_a-memmove.o)
 .text.memmove  0x08008c58       0x26 C:\Makefile\gcc-arm-none-eabi-10.3-2021.10\arm-none-eabi\lib\thumb\v6-m\nofp\libc_nano.a(lib_a-memmove.o)
                0x08008c58                memmove
 .text          0x08008c7e        0x0 C:\Makefile\gcc-arm-none-eabi-10.3-2021.10\arm-none-eabi\lib\thumb\v6-m\nofp\libc_nano.a(lib_a-nano-reallocr.o)
 .text._realloc_r
                0x08008c7e       0x5e C:\Makefile\gcc-arm-none-eabi-10.3-2021.10\arm-none-eabi\lib\thumb\v6-m\nofp\libc_nano.a(lib_a-nano-reallocr.o)
                0x08008c7e                _realloc_r
 .text          0x08008cdc       0x14 C:\Makefile\gcc-arm-none-eabi-10.3-2021.10\arm-none-eabi\lib\thumb\v6-m\nofp\libc_nano.a(lib_a-strcmp.o)
                0x08008cdc                strcmp
 .text          0x08008cf0        0x0 C:\Makefile\gcc-arm-none-eabi-10.3-2021.10\arm-none-eabi\lib\thumb\v6-m\nofp\libc_nano.a(lib_a-wctomb_r.o)
 .text._wctomb_r
                0x08008cf0       0x10 C:\Makefile\gcc-arm-none-eabi-10.3-2021.10\arm-none-eabi\lib\thumb\v6-m\nofp\libc_nano.a(lib_a-wctomb_r.o)
                0x08008cf0                _wctomb_r
 .text.__ascii_wctomb
                0x08008d00       0x1a C:\Makefile\gcc-arm-none-eabi-10.3-2021.10\arm-none-eabi\lib\thumb\v6-m\nofp\libc_nano.a(lib_a-wctomb_r.o)
                0x08008d00                __ascii_wctomb
 .text          0x08008d1a        0x0 C:\Makefile\gcc-arm-none-eabi-10.3-2021.10\arm-none-eabi\lib\thumb\v6-m\nofp\libc_nano.a(lib_a-abort.o)
 .text.abort    0x08008d1a        0xe C:\Makefile\gcc-arm-none-eabi-10.3-2021.10\arm-none-eabi\lib\thumb\v6-m\nofp\libc_nano.a(lib_a-abort.o)
                0x08008d1a                abort
 .text          0x08008d28        0x0 C:\Makefile\gcc-arm-none-eabi-10.3-2021.10\arm-none-eabi\lib\thumb\v6-m\nofp\libc_nano.a(lib_a-nano-msizer.o)
 .text._malloc_usable_size_r
                0x08008d28       0x10 C:\Makefile\gcc-arm-none-eabi-10.3-2021.10\arm-none-eabi\lib\thumb\v6-m\nofp\libc_nano.a(lib_a-nano-msizer.o)
                0x08008d28                _malloc_usable_size_r
 .text          0x08008d38        0x0 C:\Makefile\gcc-arm-none-eabi-10.3-2021.10\arm-none-eabi\lib\thumb\v6-m\nofp\libc_nano.a(lib_a-signal.o)
 .text._init_signal_r
                0x08008d38       0x2a C:\Makefile\gcc-arm-none-eabi-10.3-2021.10\arm-none-eabi\lib\thumb\v6-m\nofp\libc_nano.a(lib_a-signal.o)
                0x08008d38                _init_signal_r
 .text._signal_r
                0x08008d62       0x32 C:\Makefile\gcc-arm-none-eabi-10.3-2021.10\arm-none-eabi\lib\thumb\v6-m\nofp\libc_nano.a(lib_a-signal.o)
                0x08008d62                _signal_r
 .text._raise_r
                0x08008d94       0x54 C:\Makefile\gcc-arm-none-eabi-10.3-2021.10\arm-none-eabi\lib\thumb\v6-m\nofp\libc_nano.a(lib_a-signal.o)
                0x08008d94                _raise_r
 .text.__sigtramp_r
                0x08008de8       0x46 C:\Makefile\gcc-arm-none-eabi-10.3-2021.10\arm-none-eabi\lib\thumb\v6-m\nofp\libc_nano.a(lib_a-signal.o)
                0x08008de8                __sigtramp_r
 *fill*         0x08008e2e        0x2 
 .text.raise    0x08008e30       0x14 C:\Makefile\gcc-arm-none-eabi-10.3-2021.10\arm-none-eabi\lib\thumb\v6-m\nofp\libc_nano.a(lib_a-signal.o)
                0x08008e30                raise
 .text.signal   0x08008e44       0x14 C:\Makefile\gcc-arm-none-eabi-10.3-2021.10\arm-none-eabi\lib\thumb\v6-m\nofp\libc_nano.a(lib_a-signal.o)
                0x08008e44                signal
 .text._init_signal
                0x08008e58       0x10 C:\Makefile\gcc-arm-none-eabi-10.3-2021.10\arm-none-eabi\lib\thumb\v6-m\nofp\libc_nano.a(lib_a-signal.o)
                0x08008e58                _init_signal
 .text.__sigtramp
                0x08008e68       0x14 C:\Makefile\gcc-arm-none-eabi-10.3-2021.10\arm-none-eabi\lib\thumb\v6-m\nofp\libc_nano.a(lib_a-signal.o)
                0x08008e68                __sigtramp
 .text          0x08008e7c        0x0 C:\Makefile\gcc-arm-none-eabi-10.3-2021.10\arm-none-eabi\lib\thumb\v6-m\nofp\libc_nano.a(lib_a-signalr.o)
 .text._kill_r  0x08008e7c       0x24 C:\Makefile\gcc-arm-none-eabi-10.3-2021.10\arm-none-eabi\lib\thumb\v6-m\nofp\libc_nano.a(lib_a-signalr.o)
                0x08008e7c                _kill_r
 .text._getpid_r
                0x08008ea0        0x8 C:\Makefile\gcc-arm-none-eabi-10.3-2021.10\arm-none-eabi\lib\thumb\v6-m\nofp\libc_nano.a(lib_a-signalr.o)
                0x08008ea0                _getpid_r
 .text          0x08008ea8       0x14 C:\Makefile\gcc-arm-none-eabi-10.3-2021.10\lib\gcc\arm-none-eabi\10.3.1\thumb\v6-m\nofp\libgcc.a(_thumb1_case_uqi.o)
                0x08008ea8                __gnu_thumb1_case_uqi
 .text          0x08008ebc       0x14 C:\Makefile\gcc-arm-none-eabi-10.3-2021.10\lib\gcc\arm-none-eabi\10.3.1\thumb\v6-m\nofp\libgcc.a(_thumb1_case_shi.o)
                0x08008ebc                __gnu_thumb1_case_shi
 .text          0x08008ed0       0x3c C:\Makefile\gcc-arm-none-eabi-10.3-2021.10\lib\gcc\arm-none-eabi\10.3.1\thumb\v6-m\nofp\libgcc.a(unorddf2.o)
                0x08008ed0                __aeabi_dcmpun
 .text          0x08008f0c       0x4c C:\Makefile\gcc-arm-none-eabi-10.3-2021.10\lib\gcc\arm-none-eabi\10.3.1\thumb\v6-m\nofp\libgcc.a(floatunsidf.o)
                0x08008f0c                __aeabi_ui2d
 *(.rodata*)
 .rodata        0x08008f58       0x66 main.o
 *fill*         0x08008fbe        0x2 
 .rodata        0x08008fc0       0x7c startup.o
 .rodata        0x0800903c       0xd2 JDY40.o
                0x08009044                RX_CMD
 *fill*         0x0800910e        0x2 
 .rodata        0x08009110       0x18 speaker.o
 .rodata        0x08009128       0x79 passcode.o
 *fill*         0x080091a1        0x3 
 .rodata        0x080091a4       0x80 C:\Makefile\gcc-arm-none-eabi-10.3-2021.10\lib\gcc\arm-none-eabi\10.3.1\thumb\v6-m\nofp\libgcc.a(divsf3.o)
 .rodata        0x08009224       0x40 C:\Makefile\gcc-arm-none-eabi-10.3-2021.10\lib\gcc\arm-none-eabi\10.3.1\thumb\v6-m\nofp\libgcc.a(mulsf3.o)
 .rodata        0x08009264       0x40 C:\Makefile\gcc-arm-none-eabi-10.3-2021.10\lib\gcc\arm-none-eabi\10.3.1\thumb\v6-m\nofp\libgcc.a(divdf3.o)
 .rodata        0x080092a4       0x40 C:\Makefile\gcc-arm-none-eabi-10.3-2021.10\lib\gcc\arm-none-eabi\10.3.1\thumb\v6-m\nofp\libgcc.a(muldf3.o)
 .rodata.__sf_fake_stderr
                0x080092e4       0x20 C:\Makefile\gcc-arm-none-eabi-10.3-2021.10\arm-none-eabi\lib\thumb\v6-m\nofp\libc_nano.a(lib_a-findfp.o)
                0x080092e4                __sf_fake_stderr
 .rodata.__sf_fake_stdin
                0x08009304       0x20 C:\Makefile\gcc-arm-none-eabi-10.3-2021.10\arm-none-eabi\lib\thumb\v6-m\nofp\libc_nano.a(lib_a-findfp.o)
                0x08009304                __sf_fake_stdin
 .rodata.__sf_fake_stdout
                0x08009324       0x20 C:\Makefile\gcc-arm-none-eabi-10.3-2021.10\arm-none-eabi\lib\thumb\v6-m\nofp\libc_nano.a(lib_a-findfp.o)
                0x08009324                __sf_fake_stdout
 .rodata._global_impure_ptr
                0x08009344        0x4 C:\Makefile\gcc-arm-none-eabi-10.3-2021.10\arm-none-eabi\lib\thumb\v6-m\nofp\libc_nano.a(lib_a-impure.o)
                0x08009344                _global_impure_ptr
 .rodata._printf_float.str1.1
                0x08009348       0x12 C:\Makefile\gcc-arm-none-eabi-10.3-2021.10\arm-none-eabi\lib\thumb\v6-m\nofp\libc_nano.a(lib_a-nano-vfprintf_float.o)
 .rodata._printf_i.str1.1
                0x0800935a       0x22 C:\Makefile\gcc-arm-none-eabi-10.3-2021.10\arm-none-eabi\lib\thumb\v6-m\nofp\libc_nano.a(lib_a-nano-vfprintf_i.o)
 .rodata._ctype_
                0x0800937c      0x101 C:\Makefile\gcc-arm-none-eabi-10.3-2021.10\arm-none-eabi\lib\thumb\v6-m\nofp\libc_nano.a(lib_a-ctype_.o)
                0x0800937c                _ctype_
 .rodata._dtoa_r.str1.1
                0x0800947d       0xb3 C:\Makefile\gcc-arm-none-eabi-10.3-2021.10\arm-none-eabi\lib\thumb\v6-m\nofp\libc_nano.a(lib_a-dtoa.o)
                                 0xb5 (size before relaxing)
 .rodata._Balloc.str1.1
                0x08009530       0x7f C:\Makefile\gcc-arm-none-eabi-10.3-2021.10\arm-none-eabi\lib\thumb\v6-m\nofp\libc_nano.a(lib_a-mprec.o)
                                 0x96 (size before relaxing)
 .rodata.__multadd.str1.1
                0x080095af       0x11 C:\Makefile\gcc-arm-none-eabi-10.3-2021.10\arm-none-eabi\lib\thumb\v6-m\nofp\libc_nano.a(lib_a-mprec.o)
 *fill*         0x080095af        0x1 
 .rodata.__mprec_bigtens
                0x080095b0       0x28 C:\Makefile\gcc-arm-none-eabi-10.3-2021.10\arm-none-eabi\lib\thumb\v6-m\nofp\libc_nano.a(lib_a-mprec.o)
                0x080095b0                __mprec_bigtens
 .rodata.__mprec_tens
                0x080095d8       0xc8 C:\Makefile\gcc-arm-none-eabi-10.3-2021.10\arm-none-eabi\lib\thumb\v6-m\nofp\libc_nano.a(lib_a-mprec.o)
                0x080095d8                __mprec_tens
 .rodata.__mprec_tinytens
                0x080096a0       0x28 C:\Makefile\gcc-arm-none-eabi-10.3-2021.10\arm-none-eabi\lib\thumb\v6-m\nofp\libc_nano.a(lib_a-mprec.o)
                0x080096a0                __mprec_tinytens
 .rodata.p05.0  0x080096c8        0xc C:\Makefile\gcc-arm-none-eabi-10.3-2021.10\arm-none-eabi\lib\thumb\v6-m\nofp\libc_nano.a(lib_a-mprec.o)
 .rodata._svfprintf_r.str1.1
                0x080096d4       0x11 C:\Makefile\gcc-arm-none-eabi-10.3-2021.10\arm-none-eabi\lib\thumb\v6-m\nofp\libc_nano.a(lib_a-nano-svfprintf.o)
 .rodata._vfprintf_r.str1.1
                0x080096e5       0x11 C:\Makefile\gcc-arm-none-eabi-10.3-2021.10\arm-none-eabi\lib\thumb\v6-m\nofp\libc_nano.a(lib_a-nano-vfprintf.o)
 .rodata.__assert_func.str1.1
                0x080096e5       0x3c C:\Makefile\gcc-arm-none-eabi-10.3-2021.10\arm-none-eabi\lib\thumb\v6-m\nofp\libc_nano.a(lib_a-assert.o)
                                 0x3d (size before relaxing)
 .rodata._setlocale_r.str1.1
                0x08009721        0x8 C:\Makefile\gcc-arm-none-eabi-10.3-2021.10\arm-none-eabi\lib\thumb\v6-m\nofp\libc_nano.a(lib_a-locale.o)
                                  0x9 (size before relaxing)
 .rodata.str1.1
                0x08009729        0x2 C:\Makefile\gcc-arm-none-eabi-10.3-2021.10\arm-none-eabi\lib\thumb\v6-m\nofp\libc_nano.a(lib_a-locale.o)
                0x0800972c                . = ALIGN (0x4)
 *fill*         0x0800972b        0x1 
                0x0800972c                PROVIDE (__init_array_start = .)
 *(SORT_BY_NAME(.init_array.*))
 *(.init_array)
                0x0800972c                PROVIDE (__init_array_end = .)
                0x0800972c                . = ALIGN (0x4)
                0x0800972c                _etext = .

.glue_7         0x0800972c        0x0
 .glue_7        0x0800972c        0x0 linker stubs

.glue_7t        0x0800972c        0x0
 .glue_7t       0x0800972c        0x0 linker stubs

.vfp11_veneer   0x0800972c        0x0
 .vfp11_veneer  0x0800972c        0x0 linker stubs

.v4_bx          0x0800972c        0x0
 .v4_bx         0x0800972c        0x0 linker stubs

.iplt           0x0800972c        0x0
 .iplt          0x0800972c        0x0 main.o

.rel.dyn        0x0800972c        0x0
 .rel.iplt      0x0800972c        0x0 main.o

.data           0x20000000      0x1dc load address 0x0800972c
                0x20000000                . = ALIGN (0x4)
                0x20000000                _data = .
 *(.data*)
 .data          0x20000000        0x8 main.o
                0x20000000                SpeakerRatio
                0x20000004                SpeakerEnabled
 .data          0x20000008        0x0 startup.o
 .data          0x20000008        0x0 serial.o
 .data          0x20000008        0x0 global.o
 .data          0x20000008        0x0 UART2.o
 .data          0x20000008        0x0 JDY40.o
 .data          0x20000008        0x0 lcd.o
 .data          0x20000008        0x0 adc.o
 .data          0x20000008        0x0 speaker.o
 .data          0x20000008        0x0 frequency_calc.o
 .data          0x20000008        0x0 passcode.o
 .data          0x20000008        0x0 movement.o
 .data          0x20000008        0x4 newlib_stubs.o
                0x20000008                environ
 .data          0x2000000c        0x0 C:\Makefile\gcc-arm-none-eabi-10.3-2021.10\arm-none-eabi\lib\thumb\v6-m\nofp\libnosys.a(errno.o)
 .data          0x2000000c        0x0 C:\Makefile\gcc-arm-none-eabi-10.3-2021.10\lib\gcc\arm-none-eabi\10.3.1\thumb\v6-m\nofp\libgcc.a(_divsi3.o)
 .data          0x2000000c        0x0 C:\Makefile\gcc-arm-none-eabi-10.3-2021.10\lib\gcc\arm-none-eabi\10.3.1\thumb\v6-m\nofp\libgcc.a(_dvmd_tls.o)
 .data          0x2000000c        0x0 C:\Makefile\gcc-arm-none-eabi-10.3-2021.10\lib\gcc\arm-none-eabi\10.3.1\thumb\v6-m\nofp\libgcc.a(_arm_cmpdf2.o)
 .data          0x2000000c        0x0 C:\Makefile\gcc-arm-none-eabi-10.3-2021.10\lib\gcc\arm-none-eabi\10.3.1\thumb\v6-m\nofp\libgcc.a(_arm_cmpsf2.o)
 .data          0x2000000c        0x0 C:\Makefile\gcc-arm-none-eabi-10.3-2021.10\lib\gcc\arm-none-eabi\10.3.1\thumb\v6-m\nofp\libgcc.a(addsf3.o)
 .data          0x2000000c        0x0 C:\Makefile\gcc-arm-none-eabi-10.3-2021.10\lib\gcc\arm-none-eabi\10.3.1\thumb\v6-m\nofp\libgcc.a(divsf3.o)
 .data          0x2000000c        0x0 C:\Makefile\gcc-arm-none-eabi-10.3-2021.10\lib\gcc\arm-none-eabi\10.3.1\thumb\v6-m\nofp\libgcc.a(eqsf2.o)
 .data          0x2000000c        0x0 C:\Makefile\gcc-arm-none-eabi-10.3-2021.10\lib\gcc\arm-none-eabi\10.3.1\thumb\v6-m\nofp\libgcc.a(gesf2.o)
 .data          0x2000000c        0x0 C:\Makefile\gcc-arm-none-eabi-10.3-2021.10\lib\gcc\arm-none-eabi\10.3.1\thumb\v6-m\nofp\libgcc.a(lesf2.o)
 .data          0x2000000c        0x0 C:\Makefile\gcc-arm-none-eabi-10.3-2021.10\lib\gcc\arm-none-eabi\10.3.1\thumb\v6-m\nofp\libgcc.a(mulsf3.o)
 .data          0x2000000c        0x0 C:\Makefile\gcc-arm-none-eabi-10.3-2021.10\lib\gcc\arm-none-eabi\10.3.1\thumb\v6-m\nofp\libgcc.a(floatsisf.o)
 .data          0x2000000c        0x0 C:\Makefile\gcc-arm-none-eabi-10.3-2021.10\lib\gcc\arm-none-eabi\10.3.1\thumb\v6-m\nofp\libgcc.a(adddf3.o)
 .data          0x2000000c        0x0 C:\Makefile\gcc-arm-none-eabi-10.3-2021.10\lib\gcc\arm-none-eabi\10.3.1\thumb\v6-m\nofp\libgcc.a(divdf3.o)
 .data          0x2000000c        0x0 C:\Makefile\gcc-arm-none-eabi-10.3-2021.10\lib\gcc\arm-none-eabi\10.3.1\thumb\v6-m\nofp\libgcc.a(eqdf2.o)
 .data          0x2000000c        0x0 C:\Makefile\gcc-arm-none-eabi-10.3-2021.10\lib\gcc\arm-none-eabi\10.3.1\thumb\v6-m\nofp\libgcc.a(gedf2.o)
 .data          0x2000000c        0x0 C:\Makefile\gcc-arm-none-eabi-10.3-2021.10\lib\gcc\arm-none-eabi\10.3.1\thumb\v6-m\nofp\libgcc.a(ledf2.o)
 .data          0x2000000c        0x0 C:\Makefile\gcc-arm-none-eabi-10.3-2021.10\lib\gcc\arm-none-eabi\10.3.1\thumb\v6-m\nofp\libgcc.a(muldf3.o)
 .data          0x2000000c        0x0 C:\Makefile\gcc-arm-none-eabi-10.3-2021.10\lib\gcc\arm-none-eabi\10.3.1\thumb\v6-m\nofp\libgcc.a(subdf3.o)
 .data          0x2000000c        0x0 C:\Makefile\gcc-arm-none-eabi-10.3-2021.10\lib\gcc\arm-none-eabi\10.3.1\thumb\v6-m\nofp\libgcc.a(fixdfsi.o)
 .data          0x2000000c        0x0 C:\Makefile\gcc-arm-none-eabi-10.3-2021.10\lib\gcc\arm-none-eabi\10.3.1\thumb\v6-m\nofp\libgcc.a(floatsidf.o)
 .data          0x2000000c        0x0 C:\Makefile\gcc-arm-none-eabi-10.3-2021.10\lib\gcc\arm-none-eabi\10.3.1\thumb\v6-m\nofp\libgcc.a(extendsfdf2.o)
 .data          0x2000000c        0x0 C:\Makefile\gcc-arm-none-eabi-10.3-2021.10\lib\gcc\arm-none-eabi\10.3.1\thumb\v6-m\nofp\libgcc.a(truncdfsf2.o)
 .data          0x2000000c        0x0 C:\Makefile\gcc-arm-none-eabi-10.3-2021.10\lib\gcc\arm-none-eabi\10.3.1\thumb\v6-m\nofp\libgcc.a(_udivsi3.o)
 .data          0x2000000c        0x0 C:\Makefile\gcc-arm-none-eabi-10.3-2021.10\lib\gcc\arm-none-eabi\10.3.1\thumb\v6-m\nofp\libgcc.a(_clzsi2.o)
 .data          0x2000000c        0x0 C:\Makefile\gcc-arm-none-eabi-10.3-2021.10\arm-none-eabi\lib\thumb\v6-m\nofp\libc_nano.a(lib_a-atoi.o)
 .data          0x2000000c        0x0 C:\Makefile\gcc-arm-none-eabi-10.3-2021.10\arm-none-eabi\lib\thumb\v6-m\nofp\libc_nano.a(lib_a-fflush.o)
 .data          0x2000000c        0x0 C:\Makefile\gcc-arm-none-eabi-10.3-2021.10\arm-none-eabi\lib\thumb\v6-m\nofp\libc_nano.a(lib_a-findfp.o)
 .data          0x2000000c        0x0 C:\Makefile\gcc-arm-none-eabi-10.3-2021.10\arm-none-eabi\lib\thumb\v6-m\nofp\libc_nano.a(lib_a-fwalk.o)
 .data          0x2000000c        0x0 C:\Makefile\gcc-arm-none-eabi-10.3-2021.10\arm-none-eabi\lib\thumb\v6-m\nofp\libc_nano.a(lib_a-impure.o)
 .data._impure_ptr
                0x2000000c        0x4 C:\Makefile\gcc-arm-none-eabi-10.3-2021.10\arm-none-eabi\lib\thumb\v6-m\nofp\libc_nano.a(lib_a-impure.o)
                0x2000000c                _impure_ptr
 .data.impure_data
                0x20000010       0x60 C:\Makefile\gcc-arm-none-eabi-10.3-2021.10\arm-none-eabi\lib\thumb\v6-m\nofp\libc_nano.a(lib_a-impure.o)
 .data          0x20000070        0x0 C:\Makefile\gcc-arm-none-eabi-10.3-2021.10\arm-none-eabi\lib\thumb\v6-m\nofp\libc_nano.a(lib_a-lock.o)
 .data          0x20000070        0x0 C:\Makefile\gcc-arm-none-eabi-10.3-2021.10\arm-none-eabi\lib\thumb\v6-m\nofp\libc_nano.a(lib_a-memset.o)
 .data          0x20000070        0x0 C:\Makefile\gcc-arm-none-eabi-10.3-2021.10\arm-none-eabi\lib\thumb\v6-m\nofp\libc_nano.a(lib_a-nano-freer.o)
 .data          0x20000070        0x0 C:\Makefile\gcc-arm-none-eabi-10.3-2021.10\arm-none-eabi\lib\thumb\v6-m\nofp\libc_nano.a(lib_a-nano-mallocr.o)
 .data          0x20000070        0x0 C:\Makefile\gcc-arm-none-eabi-10.3-2021.10\arm-none-eabi\lib\thumb\v6-m\nofp\libc_nano.a(lib_a-nano-vfprintf_float.o)
 .data          0x20000070        0x0 C:\Makefile\gcc-arm-none-eabi-10.3-2021.10\arm-none-eabi\lib\thumb\v6-m\nofp\libc_nano.a(lib_a-nano-vfprintf_i.o)
 .data          0x20000070        0x0 C:\Makefile\gcc-arm-none-eabi-10.3-2021.10\arm-none-eabi\lib\thumb\v6-m\nofp\libc_nano.a(lib_a-printf.o)
 .data          0x20000070        0x0 C:\Makefile\gcc-arm-none-eabi-10.3-2021.10\arm-none-eabi\lib\thumb\v6-m\nofp\libc_nano.a(lib_a-puts.o)
 .data          0x20000070        0x0 C:\Makefile\gcc-arm-none-eabi-10.3-2021.10\arm-none-eabi\lib\thumb\v6-m\nofp\libc_nano.a(lib_a-sbrkr.o)
 .data          0x20000070        0x0 C:\Makefile\gcc-arm-none-eabi-10.3-2021.10\arm-none-eabi\lib\thumb\v6-m\nofp\libc_nano.a(lib_a-sprintf.o)
 .data          0x20000070        0x0 C:\Makefile\gcc-arm-none-eabi-10.3-2021.10\arm-none-eabi\lib\thumb\v6-m\nofp\libc_nano.a(lib_a-stdio.o)
 .data          0x20000070        0x0 C:\Makefile\gcc-arm-none-eabi-10.3-2021.10\arm-none-eabi\lib\thumb\v6-m\nofp\libc_nano.a(lib_a-strlen.o)
 .data          0x20000070        0x0 C:\Makefile\gcc-arm-none-eabi-10.3-2021.10\arm-none-eabi\lib\thumb\v6-m\nofp\libc_nano.a(lib_a-strtol.o)
 .data          0x20000070        0x0 C:\Makefile\gcc-arm-none-eabi-10.3-2021.10\arm-none-eabi\lib\thumb\v6-m\nofp\libc_nano.a(lib_a-wbuf.o)
 .data          0x20000070        0x0 C:\Makefile\gcc-arm-none-eabi-10.3-2021.10\arm-none-eabi\lib\thumb\v6-m\nofp\libc_nano.a(lib_a-writer.o)
 .data          0x20000070        0x0 C:\Makefile\gcc-arm-none-eabi-10.3-2021.10\arm-none-eabi\lib\thumb\v6-m\nofp\libc_nano.a(lib_a-wsetup.o)
 .data          0x20000070        0x0 C:\Makefile\gcc-arm-none-eabi-10.3-2021.10\arm-none-eabi\lib\thumb\v6-m\nofp\libc_nano.a(lib_a-closer.o)
 .data          0x20000070        0x0 C:\Makefile\gcc-arm-none-eabi-10.3-2021.10\arm-none-eabi\lib\thumb\v6-m\nofp\libc_nano.a(lib_a-ctype_.o)
 .data          0x20000070        0x0 C:\Makefile\gcc-arm-none-eabi-10.3-2021.10\arm-none-eabi\lib\thumb\v6-m\nofp\libc_nano.a(lib_a-dtoa.o)
 .data          0x20000070        0x0 C:\Makefile\gcc-arm-none-eabi-10.3-2021.10\arm-none-eabi\lib\thumb\v6-m\nofp\libc_nano.a(lib_a-errno.o)
 .data          0x20000070        0x0 C:\Makefile\gcc-arm-none-eabi-10.3-2021.10\arm-none-eabi\lib\thumb\v6-m\nofp\libc_nano.a(lib_a-localeconv.o)
 .data          0x20000070        0x0 C:\Makefile\gcc-arm-none-eabi-10.3-2021.10\arm-none-eabi\lib\thumb\v6-m\nofp\libc_nano.a(lib_a-lseekr.o)
 .data          0x20000070        0x0 C:\Makefile\gcc-arm-none-eabi-10.3-2021.10\arm-none-eabi\lib\thumb\v6-m\nofp\libc_nano.a(lib_a-makebuf.o)
 .data          0x20000070        0x0 C:\Makefile\gcc-arm-none-eabi-10.3-2021.10\arm-none-eabi\lib\thumb\v6-m\nofp\libc_nano.a(lib_a-malloc.o)
 .data          0x20000070        0x0 C:\Makefile\gcc-arm-none-eabi-10.3-2021.10\arm-none-eabi\lib\thumb\v6-m\nofp\libc_nano.a(lib_a-memchr-stub.o)
 .data          0x20000070        0x0 C:\Makefile\gcc-arm-none-eabi-10.3-2021.10\arm-none-eabi\lib\thumb\v6-m\nofp\libc_nano.a(lib_a-memcpy-stub.o)
 .data          0x20000070        0x0 C:\Makefile\gcc-arm-none-eabi-10.3-2021.10\arm-none-eabi\lib\thumb\v6-m\nofp\libc_nano.a(lib_a-mlock.o)
 .data          0x20000070        0x0 C:\Makefile\gcc-arm-none-eabi-10.3-2021.10\arm-none-eabi\lib\thumb\v6-m\nofp\libc_nano.a(lib_a-mprec.o)
 .data          0x20000070        0x0 C:\Makefile\gcc-arm-none-eabi-10.3-2021.10\arm-none-eabi\lib\thumb\v6-m\nofp\libc_nano.a(lib_a-nano-callocr.o)
 .data          0x20000070        0x0 C:\Makefile\gcc-arm-none-eabi-10.3-2021.10\arm-none-eabi\lib\thumb\v6-m\nofp\libc_nano.a(lib_a-nano-svfprintf.o)
 .data          0x20000070        0x0 C:\Makefile\gcc-arm-none-eabi-10.3-2021.10\arm-none-eabi\lib\thumb\v6-m\nofp\libc_nano.a(lib_a-nano-vfprintf.o)
 .data          0x20000070        0x0 C:\Makefile\gcc-arm-none-eabi-10.3-2021.10\arm-none-eabi\lib\thumb\v6-m\nofp\libc_nano.a(lib_a-readr.o)
 .data          0x20000070        0x0 C:\Makefile\gcc-arm-none-eabi-10.3-2021.10\arm-none-eabi\lib\thumb\v6-m\nofp\libc_nano.a(lib_a-assert.o)
 .data          0x20000070        0x0 C:\Makefile\gcc-arm-none-eabi-10.3-2021.10\arm-none-eabi\lib\thumb\v6-m\nofp\libc_nano.a(lib_a-fprintf.o)
 .data          0x20000070        0x0 C:\Makefile\gcc-arm-none-eabi-10.3-2021.10\arm-none-eabi\lib\thumb\v6-m\nofp\libc_nano.a(lib_a-fstatr.o)
 .data          0x20000070        0x0 C:\Makefile\gcc-arm-none-eabi-10.3-2021.10\arm-none-eabi\lib\thumb\v6-m\nofp\libc_nano.a(lib_a-fvwrite.o)
 .data          0x20000070        0x0 C:\Makefile\gcc-arm-none-eabi-10.3-2021.10\arm-none-eabi\lib\thumb\v6-m\nofp\libc_nano.a(lib_a-isattyr.o)
 .data          0x20000070        0x0 C:\Makefile\gcc-arm-none-eabi-10.3-2021.10\arm-none-eabi\lib\thumb\v6-m\nofp\libc_nano.a(lib_a-locale.o)
 .data.__global_locale
                0x20000070      0x16c C:\Makefile\gcc-arm-none-eabi-10.3-2021.10\arm-none-eabi\lib\thumb\v6-m\nofp\libc_nano.a(lib_a-locale.o)
                0x20000070                __global_locale
 .data          0x200001dc        0x0 C:\Makefile\gcc-arm-none-eabi-10.3-2021.10\arm-none-eabi\lib\thumb\v6-m\nofp\libc_nano.a(lib_a-mbtowc_r.o)
 .data          0x200001dc        0x0 C:\Makefile\gcc-arm-none-eabi-10.3-2021.10\arm-none-eabi\lib\thumb\v6-m\nofp\libc_nano.a(lib_a-memmove.o)
 .data          0x200001dc        0x0 C:\Makefile\gcc-arm-none-eabi-10.3-2021.10\arm-none-eabi\lib\thumb\v6-m\nofp\libc_nano.a(lib_a-nano-reallocr.o)
 .data          0x200001dc        0x0 C:\Makefile\gcc-arm-none-eabi-10.3-2021.10\arm-none-eabi\lib\thumb\v6-m\nofp\libc_nano.a(lib_a-strcmp.o)
 .data          0x200001dc        0x0 C:\Makefile\gcc-arm-none-eabi-10.3-2021.10\arm-none-eabi\lib\thumb\v6-m\nofp\libc_nano.a(lib_a-wctomb_r.o)
 .data          0x200001dc        0x0 C:\Makefile\gcc-arm-none-eabi-10.3-2021.10\arm-none-eabi\lib\thumb\v6-m\nofp\libc_nano.a(lib_a-abort.o)
 .data          0x200001dc        0x0 C:\Makefile\gcc-arm-none-eabi-10.3-2021.10\arm-none-eabi\lib\thumb\v6-m\nofp\libc_nano.a(lib_a-nano-msizer.o)
 .data          0x200001dc        0x0 C:\Makefile\gcc-arm-none-eabi-10.3-2021.10\arm-none-eabi\lib\thumb\v6-m\nofp\libc_nano.a(lib_a-signal.o)
 .data          0x200001dc        0x0 C:\Makefile\gcc-arm-none-eabi-10.3-2021.10\arm-none-eabi\lib\thumb\v6-m\nofp\libc_nano.a(lib_a-signalr.o)
 .data          0x200001dc        0x0 C:\Makefile\gcc-arm-none-eabi-10.3-2021.10\lib\gcc\arm-none-eabi\10.3.1\thumb\v6-m\nofp\libgcc.a(_thumb1_case_uqi.o)
 .data          0x200001dc        0x0 C:\Makefile\gcc-arm-none-eabi-10.3-2021.10\lib\gcc\arm-none-eabi\10.3.1\thumb\v6-m\nofp\libgcc.a(_thumb1_case_shi.o)
 .data          0x200001dc        0x0 C:\Makefile\gcc-arm-none-eabi-10.3-2021.10\lib\gcc\arm-none-eabi\10.3.1\thumb\v6-m\nofp\libgcc.a(unorddf2.o)
 .data          0x200001dc        0x0 C:\Makefile\gcc-arm-none-eabi-10.3-2021.10\lib\gcc\arm-none-eabi\10.3.1\thumb\v6-m\nofp\libgcc.a(floatunsidf.o)
                0x200001dc                . = ALIGN (0x4)
                0x200001dc                _edata = .

.igot.plt       0x200001dc        0x0 load address 0x08009908
 .igot.plt      0x200001dc        0x0 main.o

.bss            0x200001dc      0x278 load address 0x08009908
                0x200001dc                _bss = .
 *(.bss*)
 .bss           0x200001dc       0x34 main.o
                0x200001dc                LCD_BUFF
                0x200001ec                Timer2Count
                0x200001f0                TX21Count
                0x200001f4                inductance_mH
                0x200001f8                x
                0x200001fc                y
                0x20000200                standardized_x
                0x20000204                standardized_y
                0x20000208                sensitivity_x
                0x2000020c                sensitivity_y
 .bss           0x20000210        0x0 startup.o
 .bss           0x20000210       0xa4 serial.o
                0x20000210                ComRX_BUFFer
                0x2000025c                ComTXBuffer
                0x200002a8                ComOpen
                0x200002ac                ComError
                0x200002b0                ComBusy
 .bss           0x200002b4        0x0 global.o
 .bss           0x200002b4       0xc4 UART2.o
                0x200002b4                ComRX_BUFFer2
                0x20000310                ComTXBuffer2
                0x2000036c                ComOpen2
                0x20000370                ComError2
                0x20000374                ComBusy2
 .bss           0x20000378       0xa0 JDY40.o
                0x20000378                TX_BUFF
                0x200003c8                RX_BUFF
 .bss           0x20000418        0x0 lcd.o
 .bss           0x20000418        0x0 adc.o
 .bss           0x20000418        0x0 speaker.o
 .bss           0x20000418        0x0 frequency_calc.o
 .bss           0x20000418       0x18 passcode.o
                0x20000420                PASSCODE_BUFF
 .bss           0x20000430        0x0 movement.o
 .bss           0x20000430        0x8 newlib_stubs.o
                0x20000430                __env
 .bss           0x20000438        0x0 C:\Makefile\gcc-arm-none-eabi-10.3-2021.10\arm-none-eabi\lib\thumb\v6-m\nofp\libnosys.a(errno.o)
 .bss.errno     0x20000438        0x4 C:\Makefile\gcc-arm-none-eabi-10.3-2021.10\arm-none-eabi\lib\thumb\v6-m\nofp\libnosys.a(errno.o)
                0x20000438                errno
 .bss           0x2000043c        0x0 C:\Makefile\gcc-arm-none-eabi-10.3-2021.10\lib\gcc\arm-none-eabi\10.3.1\thumb\v6-m\nofp\libgcc.a(_divsi3.o)
 .bss           0x2000043c        0x0 C:\Makefile\gcc-arm-none-eabi-10.3-2021.10\lib\gcc\arm-none-eabi\10.3.1\thumb\v6-m\nofp\libgcc.a(_dvmd_tls.o)
 .bss           0x2000043c        0x0 C:\Makefile\gcc-arm-none-eabi-10.3-2021.10\lib\gcc\arm-none-eabi\10.3.1\thumb\v6-m\nofp\libgcc.a(_arm_cmpdf2.o)
 .bss           0x2000043c        0x0 C:\Makefile\gcc-arm-none-eabi-10.3-2021.10\lib\gcc\arm-none-eabi\10.3.1\thumb\v6-m\nofp\libgcc.a(_arm_cmpsf2.o)
 .bss           0x2000043c        0x0 C:\Makefile\gcc-arm-none-eabi-10.3-2021.10\lib\gcc\arm-none-eabi\10.3.1\thumb\v6-m\nofp\libgcc.a(addsf3.o)
 .bss           0x2000043c        0x0 C:\Makefile\gcc-arm-none-eabi-10.3-2021.10\lib\gcc\arm-none-eabi\10.3.1\thumb\v6-m\nofp\libgcc.a(divsf3.o)
 .bss           0x2000043c        0x0 C:\Makefile\gcc-arm-none-eabi-10.3-2021.10\lib\gcc\arm-none-eabi\10.3.1\thumb\v6-m\nofp\libgcc.a(eqsf2.o)
 .bss           0x2000043c        0x0 C:\Makefile\gcc-arm-none-eabi-10.3-2021.10\lib\gcc\arm-none-eabi\10.3.1\thumb\v6-m\nofp\libgcc.a(gesf2.o)
 .bss           0x2000043c        0x0 C:\Makefile\gcc-arm-none-eabi-10.3-2021.10\lib\gcc\arm-none-eabi\10.3.1\thumb\v6-m\nofp\libgcc.a(lesf2.o)
 .bss           0x2000043c        0x0 C:\Makefile\gcc-arm-none-eabi-10.3-2021.10\lib\gcc\arm-none-eabi\10.3.1\thumb\v6-m\nofp\libgcc.a(mulsf3.o)
 .bss           0x2000043c        0x0 C:\Makefile\gcc-arm-none-eabi-10.3-2021.10\lib\gcc\arm-none-eabi\10.3.1\thumb\v6-m\nofp\libgcc.a(floatsisf.o)
 .bss           0x2000043c        0x0 C:\Makefile\gcc-arm-none-eabi-10.3-2021.10\lib\gcc\arm-none-eabi\10.3.1\thumb\v6-m\nofp\libgcc.a(adddf3.o)
 .bss           0x2000043c        0x0 C:\Makefile\gcc-arm-none-eabi-10.3-2021.10\lib\gcc\arm-none-eabi\10.3.1\thumb\v6-m\nofp\libgcc.a(divdf3.o)
 .bss           0x2000043c        0x0 C:\Makefile\gcc-arm-none-eabi-10.3-2021.10\lib\gcc\arm-none-eabi\10.3.1\thumb\v6-m\nofp\libgcc.a(eqdf2.o)
 .bss           0x2000043c        0x0 C:\Makefile\gcc-arm-none-eabi-10.3-2021.10\lib\gcc\arm-none-eabi\10.3.1\thumb\v6-m\nofp\libgcc.a(gedf2.o)
 .bss           0x2000043c        0x0 C:\Makefile\gcc-arm-none-eabi-10.3-2021.10\lib\gcc\arm-none-eabi\10.3.1\thumb\v6-m\nofp\libgcc.a(ledf2.o)
 .bss           0x2000043c        0x0 C:\Makefile\gcc-arm-none-eabi-10.3-2021.10\lib\gcc\arm-none-eabi\10.3.1\thumb\v6-m\nofp\libgcc.a(muldf3.o)
 .bss           0x2000043c        0x0 C:\Makefile\gcc-arm-none-eabi-10.3-2021.10\lib\gcc\arm-none-eabi\10.3.1\thumb\v6-m\nofp\libgcc.a(subdf3.o)
 .bss           0x2000043c        0x0 C:\Makefile\gcc-arm-none-eabi-10.3-2021.10\lib\gcc\arm-none-eabi\10.3.1\thumb\v6-m\nofp\libgcc.a(fixdfsi.o)
 .bss           0x2000043c        0x0 C:\Makefile\gcc-arm-none-eabi-10.3-2021.10\lib\gcc\arm-none-eabi\10.3.1\thumb\v6-m\nofp\libgcc.a(floatsidf.o)
 .bss           0x2000043c        0x0 C:\Makefile\gcc-arm-none-eabi-10.3-2021.10\lib\gcc\arm-none-eabi\10.3.1\thumb\v6-m\nofp\libgcc.a(extendsfdf2.o)
 .bss           0x2000043c        0x0 C:\Makefile\gcc-arm-none-eabi-10.3-2021.10\lib\gcc\arm-none-eabi\10.3.1\thumb\v6-m\nofp\libgcc.a(truncdfsf2.o)
 .bss           0x2000043c        0x0 C:\Makefile\gcc-arm-none-eabi-10.3-2021.10\lib\gcc\arm-none-eabi\10.3.1\thumb\v6-m\nofp\libgcc.a(_udivsi3.o)
 .bss           0x2000043c        0x0 C:\Makefile\gcc-arm-none-eabi-10.3-2021.10\lib\gcc\arm-none-eabi\10.3.1\thumb\v6-m\nofp\libgcc.a(_clzsi2.o)
 .bss           0x2000043c        0x0 C:\Makefile\gcc-arm-none-eabi-10.3-2021.10\arm-none-eabi\lib\thumb\v6-m\nofp\libc_nano.a(lib_a-atoi.o)
 .bss           0x2000043c        0x0 C:\Makefile\gcc-arm-none-eabi-10.3-2021.10\arm-none-eabi\lib\thumb\v6-m\nofp\libc_nano.a(lib_a-fflush.o)
 .bss           0x2000043c        0x0 C:\Makefile\gcc-arm-none-eabi-10.3-2021.10\arm-none-eabi\lib\thumb\v6-m\nofp\libc_nano.a(lib_a-findfp.o)
 .bss           0x2000043c        0x0 C:\Makefile\gcc-arm-none-eabi-10.3-2021.10\arm-none-eabi\lib\thumb\v6-m\nofp\libc_nano.a(lib_a-fwalk.o)
 .bss           0x2000043c        0x0 C:\Makefile\gcc-arm-none-eabi-10.3-2021.10\arm-none-eabi\lib\thumb\v6-m\nofp\libc_nano.a(lib_a-impure.o)
 .bss           0x2000043c        0x0 C:\Makefile\gcc-arm-none-eabi-10.3-2021.10\arm-none-eabi\lib\thumb\v6-m\nofp\libc_nano.a(lib_a-lock.o)
 .bss.__lock___arc4random_mutex
                0x2000043c        0x1 C:\Makefile\gcc-arm-none-eabi-10.3-2021.10\arm-none-eabi\lib\thumb\v6-m\nofp\libc_nano.a(lib_a-lock.o)
                0x2000043c                __lock___arc4random_mutex
 .bss.__lock___at_quick_exit_mutex
                0x2000043d        0x1 C:\Makefile\gcc-arm-none-eabi-10.3-2021.10\arm-none-eabi\lib\thumb\v6-m\nofp\libc_nano.a(lib_a-lock.o)
                0x2000043d                __lock___at_quick_exit_mutex
 .bss.__lock___atexit_recursive_mutex
                0x2000043e        0x1 C:\Makefile\gcc-arm-none-eabi-10.3-2021.10\arm-none-eabi\lib\thumb\v6-m\nofp\libc_nano.a(lib_a-lock.o)
                0x2000043e                __lock___atexit_recursive_mutex
 .bss.__lock___dd_hash_mutex
                0x2000043f        0x1 C:\Makefile\gcc-arm-none-eabi-10.3-2021.10\arm-none-eabi\lib\thumb\v6-m\nofp\libc_nano.a(lib_a-lock.o)
                0x2000043f                __lock___dd_hash_mutex
 .bss.__lock___env_recursive_mutex
                0x20000440        0x1 C:\Makefile\gcc-arm-none-eabi-10.3-2021.10\arm-none-eabi\lib\thumb\v6-m\nofp\libc_nano.a(lib_a-lock.o)
                0x20000440                __lock___env_recursive_mutex
 .bss.__lock___malloc_recursive_mutex
                0x20000441        0x1 C:\Makefile\gcc-arm-none-eabi-10.3-2021.10\arm-none-eabi\lib\thumb\v6-m\nofp\libc_nano.a(lib_a-lock.o)
                0x20000441                __lock___malloc_recursive_mutex
 .bss.__lock___sfp_recursive_mutex
                0x20000442        0x1 C:\Makefile\gcc-arm-none-eabi-10.3-2021.10\arm-none-eabi\lib\thumb\v6-m\nofp\libc_nano.a(lib_a-lock.o)
                0x20000442                __lock___sfp_recursive_mutex
 .bss.__lock___sinit_recursive_mutex
                0x20000443        0x1 C:\Makefile\gcc-arm-none-eabi-10.3-2021.10\arm-none-eabi\lib\thumb\v6-m\nofp\libc_nano.a(lib_a-lock.o)
                0x20000443                __lock___sinit_recursive_mutex
 .bss.__lock___tz_mutex
                0x20000444        0x1 C:\Makefile\gcc-arm-none-eabi-10.3-2021.10\arm-none-eabi\lib\thumb\v6-m\nofp\libc_nano.a(lib_a-lock.o)
                0x20000444                __lock___tz_mutex
 .bss           0x20000445        0x0 C:\Makefile\gcc-arm-none-eabi-10.3-2021.10\arm-none-eabi\lib\thumb\v6-m\nofp\libc_nano.a(lib_a-memset.o)
 .bss           0x20000445        0x0 C:\Makefile\gcc-arm-none-eabi-10.3-2021.10\arm-none-eabi\lib\thumb\v6-m\nofp\libc_nano.a(lib_a-nano-freer.o)
 .bss           0x20000445        0x0 C:\Makefile\gcc-arm-none-eabi-10.3-2021.10\arm-none-eabi\lib\thumb\v6-m\nofp\libc_nano.a(lib_a-nano-mallocr.o)
 *fill*         0x20000445        0x3 
 .bss.__malloc_free_list
                0x20000448        0x4 C:\Makefile\gcc-arm-none-eabi-10.3-2021.10\arm-none-eabi\lib\thumb\v6-m\nofp\libc_nano.a(lib_a-nano-mallocr.o)
                0x20000448                __malloc_free_list
 .bss.__malloc_sbrk_start
                0x2000044c        0x4 C:\Makefile\gcc-arm-none-eabi-10.3-2021.10\arm-none-eabi\lib\thumb\v6-m\nofp\libc_nano.a(lib_a-nano-mallocr.o)
                0x2000044c                __malloc_sbrk_start
 .bss           0x20000450        0x0 C:\Makefile\gcc-arm-none-eabi-10.3-2021.10\arm-none-eabi\lib\thumb\v6-m\nofp\libc_nano.a(lib_a-nano-vfprintf_float.o)
 .bss           0x20000450        0x0 C:\Makefile\gcc-arm-none-eabi-10.3-2021.10\arm-none-eabi\lib\thumb\v6-m\nofp\libc_nano.a(lib_a-nano-vfprintf_i.o)
 .bss           0x20000450        0x0 C:\Makefile\gcc-arm-none-eabi-10.3-2021.10\arm-none-eabi\lib\thumb\v6-m\nofp\libc_nano.a(lib_a-printf.o)
 .bss           0x20000450        0x0 C:\Makefile\gcc-arm-none-eabi-10.3-2021.10\arm-none-eabi\lib\thumb\v6-m\nofp\libc_nano.a(lib_a-puts.o)
 .bss           0x20000450        0x0 C:\Makefile\gcc-arm-none-eabi-10.3-2021.10\arm-none-eabi\lib\thumb\v6-m\nofp\libc_nano.a(lib_a-sbrkr.o)
 .bss           0x20000450        0x0 C:\Makefile\gcc-arm-none-eabi-10.3-2021.10\arm-none-eabi\lib\thumb\v6-m\nofp\libc_nano.a(lib_a-sprintf.o)
 .bss           0x20000450        0x0 C:\Makefile\gcc-arm-none-eabi-10.3-2021.10\arm-none-eabi\lib\thumb\v6-m\nofp\libc_nano.a(lib_a-stdio.o)
 .bss           0x20000450        0x0 C:\Makefile\gcc-arm-none-eabi-10.3-2021.10\arm-none-eabi\lib\thumb\v6-m\nofp\libc_nano.a(lib_a-strlen.o)
 .bss           0x20000450        0x0 C:\Makefile\gcc-arm-none-eabi-10.3-2021.10\arm-none-eabi\lib\thumb\v6-m\nofp\libc_nano.a(lib_a-strtol.o)
 .bss           0x20000450        0x0 C:\Makefile\gcc-arm-none-eabi-10.3-2021.10\arm-none-eabi\lib\thumb\v6-m\nofp\libc_nano.a(lib_a-wbuf.o)
 .bss           0x20000450        0x0 C:\Makefile\gcc-arm-none-eabi-10.3-2021.10\arm-none-eabi\lib\thumb\v6-m\nofp\libc_nano.a(lib_a-writer.o)
 .bss           0x20000450        0x0 C:\Makefile\gcc-arm-none-eabi-10.3-2021.10\arm-none-eabi\lib\thumb\v6-m\nofp\libc_nano.a(lib_a-wsetup.o)
 .bss           0x20000450        0x0 C:\Makefile\gcc-arm-none-eabi-10.3-2021.10\arm-none-eabi\lib\thumb\v6-m\nofp\libc_nano.a(lib_a-closer.o)
 .bss           0x20000450        0x0 C:\Makefile\gcc-arm-none-eabi-10.3-2021.10\arm-none-eabi\lib\thumb\v6-m\nofp\libc_nano.a(lib_a-ctype_.o)
 .bss           0x20000450        0x0 C:\Makefile\gcc-arm-none-eabi-10.3-2021.10\arm-none-eabi\lib\thumb\v6-m\nofp\libc_nano.a(lib_a-dtoa.o)
 .bss           0x20000450        0x0 C:\Makefile\gcc-arm-none-eabi-10.3-2021.10\arm-none-eabi\lib\thumb\v6-m\nofp\libc_nano.a(lib_a-errno.o)
 .bss           0x20000450        0x0 C:\Makefile\gcc-arm-none-eabi-10.3-2021.10\arm-none-eabi\lib\thumb\v6-m\nofp\libc_nano.a(lib_a-localeconv.o)
 .bss           0x20000450        0x0 C:\Makefile\gcc-arm-none-eabi-10.3-2021.10\arm-none-eabi\lib\thumb\v6-m\nofp\libc_nano.a(lib_a-lseekr.o)
 .bss           0x20000450        0x0 C:\Makefile\gcc-arm-none-eabi-10.3-2021.10\arm-none-eabi\lib\thumb\v6-m\nofp\libc_nano.a(lib_a-makebuf.o)
 .bss           0x20000450        0x0 C:\Makefile\gcc-arm-none-eabi-10.3-2021.10\arm-none-eabi\lib\thumb\v6-m\nofp\libc_nano.a(lib_a-malloc.o)
 .bss           0x20000450        0x0 C:\Makefile\gcc-arm-none-eabi-10.3-2021.10\arm-none-eabi\lib\thumb\v6-m\nofp\libc_nano.a(lib_a-memchr-stub.o)
 .bss           0x20000450        0x0 C:\Makefile\gcc-arm-none-eabi-10.3-2021.10\arm-none-eabi\lib\thumb\v6-m\nofp\libc_nano.a(lib_a-memcpy-stub.o)
 .bss           0x20000450        0x0 C:\Makefile\gcc-arm-none-eabi-10.3-2021.10\arm-none-eabi\lib\thumb\v6-m\nofp\libc_nano.a(lib_a-mlock.o)
 .bss           0x20000450        0x0 C:\Makefile\gcc-arm-none-eabi-10.3-2021.10\arm-none-eabi\lib\thumb\v6-m\nofp\libc_nano.a(lib_a-mprec.o)
 .bss           0x20000450        0x0 C:\Makefile\gcc-arm-none-eabi-10.3-2021.10\arm-none-eabi\lib\thumb\v6-m\nofp\libc_nano.a(lib_a-nano-callocr.o)
 .bss           0x20000450        0x0 C:\Makefile\gcc-arm-none-eabi-10.3-2021.10\arm-none-eabi\lib\thumb\v6-m\nofp\libc_nano.a(lib_a-nano-svfprintf.o)
 .bss           0x20000450        0x0 C:\Makefile\gcc-arm-none-eabi-10.3-2021.10\arm-none-eabi\lib\thumb\v6-m\nofp\libc_nano.a(lib_a-nano-vfprintf.o)
 .bss           0x20000450        0x0 C:\Makefile\gcc-arm-none-eabi-10.3-2021.10\arm-none-eabi\lib\thumb\v6-m\nofp\libc_nano.a(lib_a-readr.o)
 .bss           0x20000450        0x0 C:\Makefile\gcc-arm-none-eabi-10.3-2021.10\arm-none-eabi\lib\thumb\v6-m\nofp\libc_nano.a(lib_a-assert.o)
 .bss           0x20000450        0x0 C:\Makefile\gcc-arm-none-eabi-10.3-2021.10\arm-none-eabi\lib\thumb\v6-m\nofp\libc_nano.a(lib_a-fprintf.o)
 .bss           0x20000450        0x0 C:\Makefile\gcc-arm-none-eabi-10.3-2021.10\arm-none-eabi\lib\thumb\v6-m\nofp\libc_nano.a(lib_a-fstatr.o)
 .bss           0x20000450        0x0 C:\Makefile\gcc-arm-none-eabi-10.3-2021.10\arm-none-eabi\lib\thumb\v6-m\nofp\libc_nano.a(lib_a-fvwrite.o)
 .bss           0x20000450        0x0 C:\Makefile\gcc-arm-none-eabi-10.3-2021.10\arm-none-eabi\lib\thumb\v6-m\nofp\libc_nano.a(lib_a-isattyr.o)
 .bss           0x20000450        0x0 C:\Makefile\gcc-arm-none-eabi-10.3-2021.10\arm-none-eabi\lib\thumb\v6-m\nofp\libc_nano.a(lib_a-locale.o)
 .bss._PathLocale
                0x20000450        0x4 C:\Makefile\gcc-arm-none-eabi-10.3-2021.10\arm-none-eabi\lib\thumb\v6-m\nofp\libc_nano.a(lib_a-locale.o)
                0x20000450                _PathLocale
 .bss           0x20000454        0x0 C:\Makefile\gcc-arm-none-eabi-10.3-2021.10\arm-none-eabi\lib\thumb\v6-m\nofp\libc_nano.a(lib_a-mbtowc_r.o)
 .bss           0x20000454        0x0 C:\Makefile\gcc-arm-none-eabi-10.3-2021.10\arm-none-eabi\lib\thumb\v6-m\nofp\libc_nano.a(lib_a-memmove.o)
 .bss           0x20000454        0x0 C:\Makefile\gcc-arm-none-eabi-10.3-2021.10\arm-none-eabi\lib\thumb\v6-m\nofp\libc_nano.a(lib_a-nano-reallocr.o)
 .bss           0x20000454        0x0 C:\Makefile\gcc-arm-none-eabi-10.3-2021.10\arm-none-eabi\lib\thumb\v6-m\nofp\libc_nano.a(lib_a-strcmp.o)
 .bss           0x20000454        0x0 C:\Makefile\gcc-arm-none-eabi-10.3-2021.10\arm-none-eabi\lib\thumb\v6-m\nofp\libc_nano.a(lib_a-wctomb_r.o)
 .bss           0x20000454        0x0 C:\Makefile\gcc-arm-none-eabi-10.3-2021.10\arm-none-eabi\lib\thumb\v6-m\nofp\libc_nano.a(lib_a-abort.o)
 .bss           0x20000454        0x0 C:\Makefile\gcc-arm-none-eabi-10.3-2021.10\arm-none-eabi\lib\thumb\v6-m\nofp\libc_nano.a(lib_a-nano-msizer.o)
 .bss           0x20000454        0x0 C:\Makefile\gcc-arm-none-eabi-10.3-2021.10\arm-none-eabi\lib\thumb\v6-m\nofp\libc_nano.a(lib_a-signal.o)
 .bss           0x20000454        0x0 C:\Makefile\gcc-arm-none-eabi-10.3-2021.10\arm-none-eabi\lib\thumb\v6-m\nofp\libc_nano.a(lib_a-signalr.o)
 .bss           0x20000454        0x0 C:\Makefile\gcc-arm-none-eabi-10.3-2021.10\lib\gcc\arm-none-eabi\10.3.1\thumb\v6-m\nofp\libgcc.a(_thumb1_case_uqi.o)
 .bss           0x20000454        0x0 C:\Makefile\gcc-arm-none-eabi-10.3-2021.10\lib\gcc\arm-none-eabi\10.3.1\thumb\v6-m\nofp\libgcc.a(_thumb1_case_shi.o)
 .bss           0x20000454        0x0 C:\Makefile\gcc-arm-none-eabi-10.3-2021.10\lib\gcc\arm-none-eabi\10.3.1\thumb\v6-m\nofp\libgcc.a(unorddf2.o)
 .bss           0x20000454        0x0 C:\Makefile\gcc-arm-none-eabi-10.3-2021.10\lib\gcc\arm-none-eabi\10.3.1\thumb\v6-m\nofp\libgcc.a(floatunsidf.o)
 *(COMMON)
                0x20000454                . = ALIGN (0x4)
                0x20000454                _ebss = .
                [!provide]                PROVIDE (end = .)
                0x20000454                PROVIDE (_HeapStart = .)
                0x20002000                PROVIDE (_StackTop = (ORIGIN (ram) + LENGTH (ram)))
OUTPUT(main.elf elf32-littlearm)
LOAD linker stubs

.debug_info     0x00000000     0x451b
 .debug_info    0x00000000      0xf44 main.o
 .debug_info    0x00000f44      0x3ad startup.o
 .debug_info    0x000012f1      0x82d serial.o
 .debug_info    0x00001b1e      0x1c8 global.o
 .debug_info    0x00001ce6      0x84c UART2.o
 .debug_info    0x00002532      0x82f JDY40.o
 .debug_info    0x00002d61      0x245 lcd.o
 .debug_info    0x00002fa6      0x31b adc.o
 .debug_info    0x000032c1      0x67c speaker.o
 .debug_info    0x0000393d       0xd6 frequency_calc.o
 .debug_info    0x00003a13      0x291 passcode.o
 .debug_info    0x00003ca4      0x153 movement.o
 .debug_info    0x00003df7      0x724 newlib_stubs.o

.debug_abbrev   0x00000000     0x12a7
 .debug_abbrev  0x00000000      0x281 main.o
 .debug_abbrev  0x00000281      0x174 startup.o
 .debug_abbrev  0x000003f5      0x1f5 serial.o
 .debug_abbrev  0x000005ea       0xfb global.o
 .debug_abbrev  0x000006e5      0x206 UART2.o
 .debug_abbrev  0x000008eb      0x1f9 JDY40.o
 .debug_abbrev  0x00000ae4      0x104 lcd.o
 .debug_abbrev  0x00000be8      0x10c adc.o
 .debug_abbrev  0x00000cf4      0x1ab speaker.o
 .debug_abbrev  0x00000e9f       0x86 frequency_calc.o
 .debug_abbrev  0x00000f25      0x178 passcode.o
 .debug_abbrev  0x0000109d       0x8f movement.o
 .debug_abbrev  0x0000112c      0x17b newlib_stubs.o

.debug_aranges  0x00000000      0x1a8
 .debug_aranges
                0x00000000       0x20 main.o
 .debug_aranges
                0x00000020       0x28 startup.o
 .debug_aranges
                0x00000048       0x20 serial.o
 .debug_aranges
                0x00000068       0x20 global.o
 .debug_aranges
                0x00000088       0x20 UART2.o
 .debug_aranges
                0x000000a8       0x20 JDY40.o
 .debug_aranges
                0x000000c8       0x20 lcd.o
 .debug_aranges
                0x000000e8       0x20 adc.o
 .debug_aranges
                0x00000108       0x20 speaker.o
 .debug_aranges
                0x00000128       0x20 frequency_calc.o
 .debug_aranges
                0x00000148       0x20 passcode.o
 .debug_aranges
                0x00000168       0x20 movement.o
 .debug_aranges
                0x00000188       0x20 newlib_stubs.o

.debug_line     0x00000000     0x20a1
 .debug_line    0x00000000      0x490 main.o
 .debug_line    0x00000490      0x25e startup.o
 .debug_line    0x000006ee      0x49c serial.o
 .debug_line    0x00000b8a      0x1ea global.o
 .debug_line    0x00000d74      0x487 UART2.o
 .debug_line    0x000011fb      0x298 JDY40.o
 .debug_line    0x00001493      0x250 lcd.o
 .debug_line    0x000016e3      0x194 adc.o
 .debug_line    0x00001877      0x1a8 speaker.o
 .debug_line    0x00001a1f       0x5f frequency_calc.o
 .debug_line    0x00001a7e      0x283 passcode.o
 .debug_line    0x00001d01      0x118 movement.o
 .debug_line    0x00001e19      0x288 newlib_stubs.o

.debug_str      0x00000000     0x1198
 .debug_str     0x00000000      0x755 main.o
                                0x7f1 (size before relaxing)
 .debug_str     0x00000755       0xf5 startup.o
                                0x2d0 (size before relaxing)
 .debug_str     0x0000084a      0x174 serial.o
                                0x3a9 (size before relaxing)
 .debug_str     0x000009be       0x3c global.o
                                0x1a9 (size before relaxing)
 .debug_str     0x000009fa       0xed UART2.o
                                0x3c9 (size before relaxing)
 .debug_str     0x00000ae7      0x250 JDY40.o
                                0x54c (size before relaxing)
 .debug_str     0x00000d37       0x54 lcd.o
                                0x1e1 (size before relaxing)
 .debug_str     0x00000d8b       0x71 adc.o
                                0x264 (size before relaxing)
 .debug_str     0x00000dfc       0x61 speaker.o
                                0x4c9 (size before relaxing)
 .debug_str     0x00000e5d       0x3c frequency_calc.o
                                0x183 (size before relaxing)
 .debug_str     0x00000e99       0xa9 passcode.o
                                0x246 (size before relaxing)
 .debug_str     0x00000f42       0x4b movement.o
                                0x1be (size before relaxing)
 .debug_str     0x00000f8d      0x20b newlib_stubs.o
                                0x3ce (size before relaxing)

.comment        0x00000000       0x49
 .comment       0x00000000       0x49 main.o
                                 0x4a (size before relaxing)
 .comment       0x00000049       0x4a startup.o
 .comment       0x00000049       0x4a serial.o
 .comment       0x00000049       0x4a global.o
 .comment       0x00000049       0x4a UART2.o
 .comment       0x00000049       0x4a JDY40.o
 .comment       0x00000049       0x4a lcd.o
 .comment       0x00000049       0x4a adc.o
 .comment       0x00000049       0x4a speaker.o
 .comment       0x00000049       0x4a frequency_calc.o
 .comment       0x00000049       0x4a passcode.o
 .comment       0x00000049       0x4a movement.o
 .comment       0x00000049       0x4a newlib_stubs.o

.ARM.attributes
                0x00000000       0x2a
 .ARM.attributes
                0x00000000       0x2c main.o
 .ARM.attributes
                0x0000002c       0x2c startup.o
 .ARM.attributes
                0x00000058       0x2c serial.o
 .ARM.attributes
                0x00000084       0x2c global.o
 .ARM.attributes
                0x000000b0       0x2c UART2.o
 .ARM.attributes
                0x000000dc       0x2c JDY40.o
 .ARM.attributes
                0x00000108       0x2c lcd.o
 .ARM.attributes
                0x00000134       0x2c adc.o
 .ARM.attributes
                0x00000160       0x2c speaker.o
 .ARM.attributes
                0x0000018c       0x2c frequency_calc.o
 .ARM.attributes
                0x000001b8       0x2c passcode.o
 .ARM.attributes
                0x000001e4       0x2c movement.o
 .ARM.attributes
                0x00000210       0x2c newlib_stubs.o
 .ARM.attributes