Modules linked:
   'main' from 'main.obj'
   'JDY40' from 'JDY40.obj'
   'global' from 'global.obj'
   'movement_integration' from 'movement_integration.obj'
   'inductance' from 'inductance.obj'
   'speaker' from 'speaker.obj'
   'divulong' from 'C:\call51\Bin\..\lib\large\liblong.lib'
   'vprintf' from 'C:\call51\Bin\..\lib\large\libc51f.lib'
   'crt0' from 'C:\call51\Bin\..\lib\large\libc51f.lib'
   'strncpy' from 'C:\call51\Bin\..\lib\large\libc51f.lib'
   'gptrget' from 'C:\call51\Bin\..\lib\large\libc51f.lib'
   'divslong' from 'C:\call51\Bin\..\lib\large\liblong.lib'
   'modslong' from 'C:\call51\Bin\..\lib\large\liblong.lib'
   'mulint' from 'C:\call51\Bin\..\lib\large\libint.lib'
   'free' from 'C:\call51\Bin\..\lib\large\libc51f.lib'
   'malloc' from 'C:\call51\Bin\..\lib\large\libc51f.lib'
   'gptrput' from 'C:\call51\Bin\..\lib\large\libc51f.lib'
   'sprintf' from 'C:\call51\Bin\..\lib\large\libc51f.lib'
   'sint2fs' from 'C:\call51\Bin\..\lib\large\libfloat.lib'
   'putchar' from 'C:\call51\Bin\..\lib\large\libc51f.lib'
   'isdigit' from 'C:\call51\Bin\..\lib\large\libc51f.lib'
   'strlen' from 'C:\call51\Bin\..\lib\large\libc51f.lib'
   'fsmul' from 'C:\call51\Bin\..\lib\large\libfloat.lib'
   'fsgt' from 'C:\call51\Bin\..\lib\large\libfloat.lib'
   'fseq' from 'C:\call51\Bin\..\lib\large\libfloat.lib'
   'fs2sint' from 'C:\call51\Bin\..\lib\large\libfloat.lib'
   'fslt' from 'C:\call51\Bin\..\lib\large\libfloat.lib'
   'abs' from 'C:\call51\Bin\..\lib\large\libc51f.lib'
   'divsint' from 'C:\call51\Bin\..\lib\large\libint.lib'
   'mullong' from 'C:\call51\Bin\..\lib\large\liblong.lib'
   'fs2slong' from 'C:\call51\Bin\..\lib\large\libfloat.lib'
   'slong2fs' from 'C:\call51\Bin\..\lib\large\libfloat.lib'
   'fsdiv' from 'C:\call51\Bin\..\lib\large\libfloat.lib'
   'print_format' from 'C:\call51\Bin\..\lib\large\libc51f.lib'
   'bp' from 'C:\call51\Bin\..\lib\large\libc51f.lib'
   'modulong' from 'C:\call51\Bin\..\lib\large\liblong.lib'
   'heap' from 'C:\call51\Bin\..\lib\large\libc51f.lib'
   'fsreturnval' from 'C:\call51\Bin\..\lib\large\libfloat.lib'
   'fsnormalize' from 'C:\call51\Bin\..\lib\large\libfloat.lib'
   'fsget2args' from 'C:\call51\Bin\..\lib\large\libfloat.lib'
   'fscmp' from 'C:\call51\Bin\..\lib\large\libfloat.lib'
   'divuint' from 'C:\call51\Bin\..\lib\large\libint.lib'
   'fsget1arg' from 'C:\call51\Bin\..\lib\large\libfloat.lib'
   'fsrshift' from 'C:\call51\Bin\..\lib\large\libfloat.lib'
   'ftoa' from 'C:\call51\Bin\..\lib\large\libc51f.lib'
   'taos' from 'C:\call51\Bin\..\lib\large\libc51f.lib'

Memory use per module linked:
C:00596 D:000 I:000 B:000 X:00022 - main
C:03106 D:036 I:000 B:001 X:00269 - JDY40
C:00199 D:000 I:000 B:000 X:00007 - global
C:01811 D:005 I:000 B:001 X:00048 - movement_integration
C:00775 D:000 I:000 B:000 X:00008 - inductance
C:00059 D:000 I:000 B:000 X:00002 - speaker
C:00267 D:001 I:000 B:001 X:00012 - divulong
C:00111 D:000 I:000 B:000 X:00005 - vprintf
C:00113 D:000 I:000 B:000 X:00000 - crt0
C:00194 D:001 I:000 B:000 X:00011 - strncpy
C:00028 D:000 I:000 B:000 X:00000 - gptrget
C:00209 D:008 I:000 B:000 X:00008 - divslong
C:00201 D:008 I:000 B:000 X:00008 - modslong
C:00032 D:000 I:000 B:000 X:00002 - mulint
C:00199 D:000 I:000 B:000 X:00009 - free
C:00436 D:002 I:000 B:000 X:00012 - malloc
C:00025 D:000 I:000 B:000 X:00001 - gptrput
C:00240 D:000 I:000 B:000 X:00011 - sprintf
C:00013 D:000 I:000 B:000 X:00000 - sint2fs
C:00030 D:000 I:000 B:000 X:00001 - putchar
C:00029 D:000 I:000 B:000 X:00001 - isdigit
C:00083 D:000 I:000 B:000 X:00003 - strlen
C:00163 D:000 I:000 B:000 X:00000 - fsmul
C:00048 D:000 I:000 B:000 X:00000 - fsgt
C:00017 D:000 I:000 B:000 X:00000 - fseq
C:00052 D:000 I:000 B:000 X:00000 - fs2sint
C:00048 D:000 I:000 B:000 X:00000 - fslt
C:00015 D:000 I:000 B:000 X:00000 - abs
C:00117 D:000 I:000 B:000 X:00004 - divsint
C:00108 D:000 I:000 B:000 X:00004 - mullong
C:00091 D:000 I:000 B:000 X:00000 - fs2slong
C:00045 D:000 I:000 B:000 X:00000 - slong2fs
C:00287 D:004 I:000 B:000 X:00000 - fsdiv
C:03278 D:003 I:000 B:014 X:00026 - print_format
C:00000 D:001 I:000 B:000 X:00000 - bp
C:00320 D:004 I:000 B:000 X:00009 - modulong
C:00002 D:000 I:000 B:000 X:01024 - heap
C:00079 D:000 I:000 B:000 X:00000 - fsreturnval
C:00051 D:000 I:000 B:000 X:00000 - fsnormalize
C:00046 D:000 I:000 B:000 X:00000 - fsget2args
C:00073 D:000 I:000 B:000 X:00000 - fscmp
C:00154 D:000 I:000 B:001 X:00006 - divuint
C:00018 D:000 I:000 B:000 X:00000 - fsget1arg
C:00067 D:000 I:000 B:000 X:00000 - fsrshift
C:00287 D:000 I:000 B:000 X:00000 - ftoa
C:00000 D:000 I:016 B:000 X:00000 - taos
C:00013 D:000 I:000 B:000 X:00000 - ABSOLUTE
------------------------------------------------------
C:14135 D:073 I:016 B:018 X:01513 - Totals

INTERMAL RAM map (see legend below):
00: 0 0 0 0 0 0 0 0 b c c c c c c c 
10: c d d e e e e f f f f f f f f . 
20: K B B B a a a a a a a a a a a a 
30: a a a a a a a a a a a a a a a a 
40: a a a a a a a a g g g h h h h i 
50: i i i i i i i i i i i i i i i . 
60: . . . . . . . . . . . . . . . . 
70: . . . . . . . . . . . . . . . . 
80: . . . . . . . . . . . . . . . . 
90: . . . . . . . . . . . . . . . . 
A0: . . . . . . . . . . . . . . . . 
B0: . . . . . . . . . . . . . . . . 
C0: . . . . . . . . . . . . . . . . 
D0: . . . . . . . . . . . . . . . . 
E0: . . . . . . . . . . . . . . . . 
F0: . . . . . . . . . . . . . . . . 

Legend:
	0: Register bank 0
	1: Register bank 1
	2: Register bank 2
	3: Register bank 3
	B: bits (see 'BIT map' below)
	K: BIT_BANK
	a: JDY40:R_DSEG
	b: bp:R_DSEG
	c: modslong:R_DSEG
	d: malloc:R_DSEG
	e: movement_integration:R_DSEG
	f: divslong:R_DSEG
	g: ?lib?dseg?1
	h: R_OSEG
	i: R_ISEG

BIT map:
00: U U U U U U U U U U U U U U U U 
10: U U U U U U U U U U . . . . . . 
20: . . . . . . . . . . . . . . . . 
30: . . . . . . . . . . . . . . . . 
40: . . . . . . . . . . . . . . . . 
50: . . . . . . . . . . . . . . . . 
60: . . . . . . . . . . . . . . . . 
70: . . . . . . . . . . . . . . . . 

CODE usage map:
0000: 149 256 256 256 256 256 256 256 256 256 256 256 256 256 256 256 
1000: 256 256 256 256 256 256 256 256 256 256 256 256 256 256 256 256 
2000: 256 256 256 256 256 256 256 256 256 256 256 256 256 256 256 256 
3000: 256 256 256 256 256 256 256 162 000 000 000 000 000 000 000 000 
4000: 000 000 000 000 000 000 000 000 000 000 000 000 000 000 000 000 
5000: 000 000 000 000 000 000 000 000 000 000 000 000 000 000 000 000 
6000: 000 000 000 000 000 000 000 000 000 000 000 000 000 000 000 000 
7000: 000 000 000 000 000 000 000 000 000 000 000 000 000 000 000 000 
8000: 000 000 000 000 000 000 000 000 000 000 000 000 000 000 000 000 
9000: 000 000 000 000 000 000 000 000 000 000 000 000 000 000 000 000 
A000: 000 000 000 000 000 000 000 000 000 000 000 000 000 000 000 000 
B000: 000 000 000 000 000 000 000 000 000 000 000 000 000 000 000 000 
C000: 000 000 000 000 000 000 000 000 000 000 000 000 000 000 000 000 
D000: 000 000 000 000 000 000 000 000 000 000 000 000 000 000 000 000 
E000: 000 000 000 000 000 000 000 000 000 000 000 000 000 000 000 000 
F000: 000 000 000 000 000 000 000 000 000 000 000 000 000 000 000 000 
Total: 14135 bytes

XDATA usage map:
0000: 256 256 256 256 256 233 000 000 000 000 000 000 000 000 000 000 
1000: 000 000 000 000 000 000 000 000 000 000 000 000 000 000 000 000 
2000: 000 000 000 000 000 000 000 000 000 000 000 000 000 000 000 000 
3000: 000 000 000 000 000 000 000 000 000 000 000 000 000 000 000 000 
4000: 000 000 000 000 000 000 000 000 000 000 000 000 000 000 000 000 
5000: 000 000 000 000 000 000 000 000 000 000 000 000 000 000 000 000 
6000: 000 000 000 000 000 000 000 000 000 000 000 000 000 000 000 000 
7000: 000 000 000 000 000 000 000 000 000 000 000 000 000 000 000 000 
8000: 000 000 000 000 000 000 000 000 000 000 000 000 000 000 000 000 
9000: 000 000 000 000 000 000 000 000 000 000 000 000 000 000 000 000 
A000: 000 000 000 000 000 000 000 000 000 000 000 000 000 000 000 000 
B000: 000 000 000 000 000 000 000 000 000 000 000 000 000 000 000 000 
C000: 000 000 000 000 000 000 000 000 000 000 000 000 000 000 000 000 
D000: 000 000 000 000 000 000 000 000 000 000 000 000 000 000 000 000 
E000: 000 000 000 000 000 000 000 000 000 000 000 000 000 000 000 000 
F000: 000 000 000 000 000 000 000 000 000 000 000 000 000 000 000 000 
Total: 1513 bytes

Base Segments:
   ?lib?dseg?1=D:0048, size=0003
   BIT_BANK=D:0020, size=0001
   R_BSEG=B:0008, size=0012
   R_CONST=C:0107, size=00CF
   R_CSEG=C:01D6, size=35CC
   R_DINIT=C:0003, size=0000
   R_DSEG=D:0000, size=003B
   R_GSINIT=C:0096, size=0071
   R_HOME=C:0000, size=0000
   R_ISEG=I:004F, size=0010
   R_IXSEG=X:05CB, size=001E
   R_OSEG=D:004B, size=0004
   R_PSEG=X:0000, size=0000
   R_XINIT=C:0004, size=001E
   R_XSEG=X:0000, size=05CB
   rbank0=D:0000, size=0008

Module Segments:
   CSEG=C:0000, size=000D
   JDY40:R_BSEG=B:0008, size=0001
   JDY40:R_CONST=C:0138, size=009C
   JDY40:R_CSEG=C:03F9, size=0B82
   JDY40:R_DSEG=D:0024, size=0024
   JDY40:R_IXSEG=X:05CB, size=0004
   JDY40:R_XINIT=C:0004, size=0004
   JDY40:R_XSEG=X:0016, size=0109
   abs:R_CSEG=C:23F6, size=000F
   bp:R_DSEG=D:0008, size=0001
   crt0:R_GSINIT=C:0096, size=0071
   divsint:R_CSEG=C:2405, size=0075
   divsint:R_XSEG=X:019A, size=0004
   divslong:R_CSEG=C:1CD7, size=00D1
   divslong:R_DSEG=D:0017, size=0008
   divslong:R_XSEG=X:0164, size=0008
   divuint:R_BSEG=B:0019, size=0001
   divuint:R_CSEG=C:3594, size=009A
   divuint:R_XSEG=X:05C5, size=0006
   divulong:R_BSEG=B:000A, size=0001
   divulong:R_CSEG=C:1A7F, size=010B
   divulong:R_OSEG=D:004B, size=0001
   divulong:R_XSEG=X:0148, size=000C
   free:R_CSEG=C:1E91, size=00C7
   free:R_XSEG=X:0176, size=0009
   fs2sint:R_CSEG=C:2392, size=0034
   fs2slong:R_CSEG=C:24E6, size=005B
   fscmp:R_CSEG=C:354B, size=0049
   fsdiv:R_CSEG=C:256E, size=011F
   fsdiv:R_OSEG=D:004B, size=0004
   fseq:R_CSEG=C:2381, size=0011
   fsget1arg:R_CSEG=C:362E, size=0012
   fsget2args:R_CSEG=C:351D, size=002E
   fsgt:R_CSEG=C:2351, size=0030
   fslt:R_CSEG=C:23C6, size=0030
   fsmul:R_CSEG=C:22AE, size=00A3
   fsnormalize:R_CSEG=C:34EA, size=0033
   fsreturnval:R_CSEG=C:349B, size=004F
   fsrshift:R_CSEG=C:3640, size=0043
   ftoa:R_CSEG=C:3683, size=011F
   global:R_CSEG=C:0F7B, size=00C7
   global:R_XSEG=X:011F, size=0007
   gptrget:R_CSEG=C:1CBB, size=001C
   gptrput:R_CSEG=C:210A, size=0019
   gptrput:R_XSEG=X:0189, size=0001
   heap:R_CONST=C:01D4, size=0002
   heap:R_XSEG=X:01C5, size=0400
   inductance:R_CSEG=C:1741, size=0303
   inductance:R_IXSEG=X:05E3, size=0004
   inductance:R_XINIT=C:001C, size=0004
   inductance:R_XSEG=X:0142, size=0004
   isdigit:R_CSEG=C:223E, size=001D
   isdigit:R_XSEG=X:0196, size=0001
   main:R_CONST=C:0107, size=0031
   main:R_CSEG=C:01D6, size=0223
   main:R_XSEG=X:0000, size=0016
   malloc:R_CSEG=C:1F58, size=01B2
   malloc:R_DSEG=D:0011, size=0002
   malloc:R_IXSEG=X:05E7, size=0002
   malloc:R_XINIT=C:0020, size=0002
   malloc:R_XSEG=X:017F, size=000A
   modslong:R_CSEG=C:1DA8, size=00C9
   modslong:R_DSEG=D:0009, size=0008
   modslong:R_XSEG=X:016C, size=0008
   modulong:R_CSEG=C:335B, size=0140
   modulong:R_OSEG=D:004B, size=0004
   modulong:R_XSEG=X:01BC, size=0009
   movement_integration:BIT_BANK=D:0020, size=0001
   movement_integration:R_BSEG=B:0009, size=0001
   movement_integration:R_CSEG=C:1042, size=06FF
   movement_integration:R_DSEG=D:0013, size=0004
   movement_integration:R_IXSEG=X:05CF, size=0014
   movement_integration:R_XINIT=C:0008, size=0014
   movement_integration:R_XSEG=X:0126, size=001C
   mulint:R_CSEG=C:1E71, size=0020
   mulint:R_XSEG=X:0174, size=0002
   mullong:R_CSEG=C:247A, size=006C
   mullong:R_XSEG=X:019E, size=0004
   print_format:?lib?dseg?1=D:0048, size=0003
   print_format:R_BSEG=B:000B, size=000E
   print_format:R_CSEG=C:268D, size=0CCE
   print_format:R_XSEG=X:01A2, size=001A
   putchar:R_CSEG=C:2220, size=001E
   putchar:R_XSEG=X:0195, size=0001
   sint2fs:R_CSEG=C:2213, size=000D
   slong2fs:R_CSEG=C:2541, size=002D
   speaker:R_CSEG=C:1A44, size=003B
   speaker:R_XSEG=X:0146, size=0002
   sprintf:R_CSEG=C:2123, size=00F0
   sprintf:R_XSEG=X:018A, size=000B
   strlen:R_CSEG=C:225B, size=0053
   strlen:R_XSEG=X:0197, size=0003
   strncpy:R_CSEG=C:1BF9, size=00C2
   strncpy:R_OSEG=D:004B, size=0001
   strncpy:R_XSEG=X:0159, size=000B
   taos:R_ISEG=I:004F, size=0010
   vprintf:R_CSEG=C:1B8A, size=006F
   vprintf:R_XSEG=X:0154, size=0005

Public symbols:
   _?lib?dseg?1_size=L:0003
   _?lib?dseg?1_start=L:0048
   _C1_nF=X:05E3
   _C2_nF=X:05E5
   _GetCapacitance_mF=C:18E5
   _GetFrequency_Hz=C:1854
   _GetInductance_microH=C:1983
   _GetPeriod=C:1741
   _JDY40Init=C:03F9
   _JDY40_R_DSEG_size=L:0024
   _JDY40_R_DSEG_start=L:0024
   _PWM_manager=C:123D
   _PWM_manager_PARM_2=X:012A
   _PWM_percent_x=X:05D3
   _PWM_percent_y=X:05D1
   _PrintNumber=C:0DF0
   _PrintNumber_HexDigit_1_168=C:01BA
   _PrintNumber_PARM_2=X:00F6
   _PrintNumber_PARM_3=X:00F8
   _RXU1=C:060F
   _RX_XYZ=C:0D10
   _RXbuff=X:0016
   _R_BSEG_size=L:0012
   _R_BSEG_start=L:0008
   _R_CONST_size=L:00CF
   _R_CONST_start=L:0107
   _R_CSEG_size=L:35CC
   _R_CSEG_start=L:01D6
   _R_DINIT_size=L:0000
   _R_DINIT_start=L:0003
   _R_GSINIT_size=L:0071
   _R_GSINIT_start=L:0096
   _R_HOME_size=L:0000
   _R_HOME_start=L:0000
   _R_ISEG_size=L:0010
   _R_ISEG_start=L:0000
   _R_IXSEG_size=L:001E
   _R_IXSEG_start=L:05CB
   _R_OSEG_size=L:0004
   _R_OSEG_start=L:004B
   _R_PSEG_size=L:0000
   _R_PSEG_start=L:0000
   _R_XINIT_size=L:001E
   _R_XINIT_start=L:0004
   _R_XSEG_size=L:05CB
   _R_XSEG_start=L:0000
   _SendATCommand=C:0693
   _TIMER2Init=C:1A44
   _TIMER4_Init=C:044A
   _TIMER5Init=C:1042
   _TX_I=C:0CEC
   _TXbuff=X:0066
   _TXcount=X:05CB
   _Timer2_ISR=C:1A5B
   _Timer3us=C:0F7B
   _Timer4_ISR=C:0465
   _Timer5_ISR=C:105D
   _ToggleSpeaker=C:1A63
   _Trim=C:0AA4
   _Trim_PARM_2=X:00E5
   _Trim_PARM_3=X:00E8
   _Trim_PARM_4=X:00EB
   _UART1_Init=C:0230
   _Update_TX_Buff=C:0CB6
   ___fs2sint=C:2392
   ___fs2slong=C:24E6
   ___fsdiv=C:256E
   ___fseq=C:2381
   ___fsgt=C:2351
   ___fslt=C:23C6
   ___fsmul=C:22AE
   ___sint2fs=C:2213
   ___slong2fs=C:2541
   __c51_external_startup=C:01D6
   __c51_find_memheader=C:1E91
   __c51_first_memheader=X:05E7
   __c51_heap=X:01C5
   __c51_heap_size=C:01D4
   __c51_prev_memheader=X:0176
   __divsint=C:2405
   __divsint_PARM_2=X:019A
   __divslong=C:1CD7
   __divslong_PARM_2=X:0164
   __divuint=C:3594
   __divuint_PARM_2=X:05C5
   __divulong=C:1A7F
   __divulong_PARM_2=X:0148
   __ftoa=C:3683
   __gptrget=C:1CBB
   __gptrput=C:210A
   __gptrput_PARM_2=X:0189
   __modslong=C:1DA8
   __modslong_PARM_2=X:016C
   __modulong=C:335B
   __modulong_PARM_2=X:01BC
   __mulint=C:1E71
   __mulint_PARM_2=X:0174
   __mullong=C:247A
   __mullong_PARM_2=X:019E
   __mullong_dummy=C:247A
   __print_format=C:2B99
   __print_format_PARM_2=X:01B4
   __print_format_PARM_3=X:01B7
   __taos=I:004F
   _abs=C:23F6
   _backward=C:1238
   _bp=D:0008
   _bp_R_DSEG_size=L:0001
   _bp_R_DSEG_start=L:0008
   _clearUART1Buffer=C:0680
   _commands=X:00B6
   _count=X:05CF
   _crt0=C:0096
   _display_buffs=C:0F5A
   _divslong_R_DSEG_size=L:0008
   _divslong_R_DSEG_start=L:0017
   _dummy_name_crt0=C:1BF9
   _eputs=C:0D9A
   _flag=X:05CD
   _free=C:1F06
   _get_x_direction=C:0D6D
   _get_y_direction=C:0D7C
   _get_z_direction=C:0D8B
   _getchar1=C:0554
   _getchar1_with_timeout=C:0567
   _getstr1=C:05A4
   _idle=C:122A
   _isdigit=C:223E
   _left_wheel=X:05D5
   _length=X:00BC
   _main=C:0305
   _malloc=C:1FD6
   _malloc_R_DSEG_size=L:0002
   _malloc_R_DSEG_start=L:0011
   _modslong_R_DSEG_size=L:0008
   _modslong_R_DSEG_start=L:0009
   _movement_init=C:1623
   _movement_integration_R_DSEG_size=L:0004
   _movement_integration_R_DSEG_start=L:0013
   _movement_loop=C:1626
   _movement_loop_PARM_2=X:013A
   _movement_manager=C:15A1
   _movement_manager_PARM_2=X:0132
   _new_right_wheel=X:0126
   _prev_PWM_percent_x=X:05DD
   _prev_PWM_percent_y=X:05DF
   _printf=C:1BCF
   _putchar1=C:04E6
   _putchar=C:2220
   _right_wheel=X:05D9
   _sendstr1=C:04FE
   _splitString=C:0819
   _splitString_PARM_2=X:00D5
   _splitString_PARM_3=X:00D8
   _splitString_PARM_4=X:00DB
   _sprintf=C:21BA
   _squared=C:0FF8
   _stack_start=L:005F
   _state=X:05E1
   _straight=C:1233
   _stringToInt=C:0714
   _strlen=C:225B
   _strncpy=C:1BF9
   _strncpy_PARM_2=X:0159
   _strncpy_PARM_3=X:015C
   _test_print=C:02B6
   _test_print_PARM_2=X:000C
   _vprintf=C:1B99
   _vprintf_PARM_2=X:0155
   _vsprintf=C:2150
   _vsprintf_PARM_2=X:018E
   _vsprintf_PARM_3=X:0191
   _waitms=C:0FAE
   _waitms_or_RI1=C:061A
   _x=X:0000
   _y=X:0004
   fs_check_negative_zeros=C:3569
   fs_compare_uint32=C:354B
   fs_direct_return=C:34C4
   fs_normalize_a=C:34EA
   fs_return_inf=C:34D2
   fs_return_nan=C:34DF
   fs_return_zero=C:34BC
   fs_round_and_return=C:349B
   fs_rshift_a=C:3640
   fs_zerocheck_return=C:34B3
   fsgetarg=C:362E
   fsgetargs=C:351D
   slong2fs_doit=C:254A

Local symbols:
   JDY40:L004002?=C:04C1
   JDY40:L004004?=C:04C9
   JDY40:L004007?=C:04D1
   JDY40:L005001?=C:04EF
   JDY40:L005008?=C:04F4
   JDY40:L006001?=C:0519
   JDY40:L006008?=C:0548
   JDY40:L006010?=C:053B
   JDY40:L007001?=C:0557
   JDY40:L007008?=C:055C
   JDY40:L008003?=C:056E
   JDY40:L008005?=C:0597
   JDY40:L008012?=C:058A
   JDY40:L009002?=C:05F3
   JDY40:L009004?=C:05BF
   JDY40:L011002?=C:065B
   JDY40:L011003?=C:063A
   JDY40:L011007?=C:0631
   JDY40:L011009?=C:0678
   JDY40:L011011?=C:067F
   JDY40:L011019?=C:063D
   JDY40:L012001?=C:0682
   JDY40:L012003?=C:0690
   JDY40:L014004?=C:07EE
   JDY40:L014007?=C:076C
   JDY40:L014009?=C:07F2
   JDY40:L014010?=C:07FA
   JDY40:L014017?=C:0764
   JDY40:L014020?=C:0784
   JDY40:L014023?=C:07F7
   JDY40:L015002?=C:088B
   JDY40:L015005?=C:0894
   JDY40:L015006?=C:0862
   JDY40:L015008?=C:089B
   JDY40:L015010?=C:0910
   JDY40:L015011?=C:0960
   JDY40:L015013?=C:09ED
   JDY40:L015014?=C:0A55
   JDY40:L015031?=C:096E
   JDY40:L015032?=C:0A6D
   JDY40:L015033?=C:0A9A
   JDY40:L016001?=C:0B54
   JDY40:L016004?=C:0B03
   JDY40:L016006?=C:0B8C
   JDY40:L016007?=C:0B97
   JDY40:L016014?=C:0B26
   JDY40:L016018?=C:0B5D
   JDY40:L016019?=C:0B94
   JDY40:L018003?=C:0D0F
   JDY40:L019005?=C:0D6C
   JDY40:L023001?=C:0DB5
   JDY40:L023008?=C:0DE4
   JDY40:L023010?=C:0DD7
   JDY40:L024005?=C:0E5A
   JDY40:L024007?=C:0F46
   JDY40:L024012?=C:0E44
   JDY40:L024016?=C:0E9A
   JDY40:L024017?=C:0EA3
   JDY40:L024018?=C:0F3E
   JDY40:L024019?=C:0F43
   JDY40:_PrintNumber_buff_1_168=X:00FE
   JDY40:_PrintNumber_sloc0_1_0=D:003C
   JDY40:_PrintNumber_sloc1_1_0=D:0040
   JDY40:_PrintNumber_sloc2_1_0=D:0042
   JDY40:_PrintNumber_sloc3_1_0=D:0044
   JDY40:_PrintNumber_val_1_167=X:00FA
   JDY40:_RXU1_mybit_1_121=B:0008
   JDY40:_SendATCommand_s_1_129=X:00C9
   JDY40:_Trim_sloc0_1_0=D:002D
   JDY40:_Trim_sloc1_1_0=D:0030
   JDY40:_Trim_sloc2_1_0=D:0033
   JDY40:_Trim_sloc3_1_0=D:0035
   JDY40:_Trim_sloc4_1_0=D:0038
   JDY40:_Trim_sloc5_1_0=D:0039
   JDY40:_Trim_str_1_147=X:00EE
   JDY40:_Update_TX_Buff_inductance_1_151=X:00F1
   JDY40:__str_0=C:0138
   JDY40:__str_10=C:01A4
   JDY40:__str_11=C:01B3
   JDY40:__str_13=C:01CB
   JDY40:__str_1=C:0146
   JDY40:__str_2=C:0154
   JDY40:__str_3=C:015D
   JDY40:__str_4=C:0167
   JDY40:__str_5=C:0171
   JDY40:__str_6=C:017B
   JDY40:__str_7=C:0184
   JDY40:__str_8=C:018E
   JDY40:__str_9=C:0198
   JDY40:__xinit__TXcount=C:0004
   JDY40:__xinit__flag=C:0006
   JDY40:_clearUART1Buffer_dummy_2_128=X:00C7
   JDY40:_eputs_String_1_164=X:00F3
   JDY40:_getstr1_s_1_116=X:00C2
   JDY40:_putchar1_c_1_105=X:00BE
   JDY40:_sendstr1_s_1_107=X:00BF
   JDY40:_splitString_isNegative1_1_138=X:00E1
   JDY40:_splitString_isNegative2_1_138=X:00E3
   JDY40:_splitString_sloc0_1_0=D:0024
   JDY40:_splitString_sloc1_1_0=D:0025
   JDY40:_splitString_sloc2_1_0=D:0028
   JDY40:_splitString_sloc3_1_0=D:002A
   JDY40:_splitString_str_1_137=X:00DE
   JDY40:_stringToInt_i_1_132=X:00D3
   JDY40:_stringToInt_result_1_132=X:00CF
   JDY40:_stringToInt_sign_1_132=X:00D1
   JDY40:_stringToInt_str_1_131=X:00CC
   JDY40:_waitms_or_RI1_ms_1_122=X:00C5
   abs:?Done=C:2404
   abs:_dummy=C:23F6
   crt0:PClearLoop?done?=C:00FF
   crt0:PClearLoop?repeat?=C:00F1
   crt0:XClearLoop?done?=C:00E7
   crt0:XClearLoop?repeat?=C:00D9
   crt0:XInitLoop?done?=C:00CF
   crt0:XInitLoop?repeat?=C:00AF
   crt0:__c51_init_data=C:00A3
   crt0:__c51_program_startup=C:0102
   crt0:forever?home?=C:0105
   divsint:L002002?=C:2475
   divsint:L002006?=C:2427
   divsint:L002007?=C:242B
   divsint:L002008?=C:2446
   divsint:L002009?=C:244A
   divsint:__divsint_x_1_1=X:019C
   divslong:L002002?=C:1DA0
   divslong:L002006?=C:1D13
   divslong:L002007?=C:1D1B
   divslong:L002008?=C:1D52
   divslong:L002009?=C:1D5E
   divslong:__divslong_sloc0_1_0=D:0017
   divslong:__divslong_sloc1_1_0=D:001B
   divslong:__divslong_x_1_1=X:0168
   divuint:L002002?=C:35F4
   divuint:L002005?=C:35B0
   divuint:L002006?=C:3620
   divuint:__divuint_c_1_2=B:0019
   divuint:__divuint_reste_1_2=X:05C9
   divuint:__divuint_x_1_1=X:05C7
   divulong:L002002?=C:1B24
   divulong:L002005?=C:1AB0
   divulong:L002006?=C:1B6E
   divulong:L002017?=C:1B73
   divulong:L002018?=C:1B76
   divulong:__divulong_c_1_2=B:000A
   divulong:__divulong_reste_1_2=X:0150
   divulong:__divulong_sloc0_1_0=D:004B
   divulong:__divulong_x_1_1=X:014C
   free:L002002?=C:1EAB
   free:L002004?=C:1ECA
   free:L002006?=C:1EFA
   free:L002015?=C:1EDF
   free:L003002?=C:1F45
   free:L003006?=C:1F57
   free:__c51_find_memheader_cur_header_1_6=X:017A
   free:__c51_find_memheader_p_1_5=X:0178
   free:_free_p_1_8=X:017C
   fs2sint:_dummy=C:2392
   fs2sint:fs2sint_clr_a=C:23A0
   fs2sint:fs2sint_maxval_neg=C:23B2
   fs2sint:fs2sint_maxval_pos=C:23C2
   fs2sint:fs2sint_neg=C:23A4
   fs2sint:fs2sint_not_zero=C:23A1
   fs2sint:fs2sint_pos=C:23B6
   fs2slong:_dummy=C:24E6
   fs2slong:fs2slong_clr_a=C:2519
   fs2slong:fs2slong_int_ok=C:24F0
   fs2slong:fs2slong_maxval=C:2529
   fs2slong:fs2slong_maxval_neg=C:252C
   fs2slong:fs2slong_maxval_pos=C:2536
   fs2slong:fs2slong_neg=C:24F8
   fs2slong:fs2slong_not_zero=C:251A
   fs2slong:fs2slong_pos=C:251E
   fscmp:_dummy=C:354B
   fscmp:a_check=C:3569
   fscmp:a_not_neg_zero=C:357B
   fscmp:a_not_neg_zero_cleanup=C:357A
   fscmp:b_check=C:357B
   fscmp:b_not_neg_zero=C:3593
   fscmp:b_not_neg_zero_cleanup_1=C:3592
   fscmp:b_not_neg_zero_cleanup_2=C:3591
   fscmp:b_not_neg_zero_cleanup_3=C:3590
   fscmp:compare32_done=C:3568
   fsdiv:L00001?=C:2576
   fsdiv:L00002?=C:257F
   fsdiv:L00003?=C:2582
   fsdiv:L00004?=C:2588
   fsdiv:L00005?=C:2595
   fsdiv:L00006?=C:2598
   fsdiv:L00007?=C:25A0
   fsdiv:L00008?=C:25AC
   fsdiv:L00009?=C:25B4
   fsdiv:L00010?=C:25CA
   fsdiv:L00011?=C:261A
   fsdiv:L00012?=C:262D
   fsdiv:L00013?=C:267C
   fsdiv:L00014?=C:268A
   fsdiv:_dummy=C:256E
   fsdiv:saved_b=D:004E
   fsdiv:saved_r5=D:004B
   fsdiv:saved_r6=D:004C
   fsdiv:saved_r7=D:004D
   fseq:_dummy=C:2381
   fsget1arg:L00001?=C:363B
   fsget1arg:_dummy=C:362E
   fsget2args:L00001?=C:352A
   fsget2args:L00002?=C:3546
   fsget2args:_dummy=C:351D
   fsgt:_dummy=C:2351
   fsgt:a_negative=C:2366
   fsgt:a_positive=C:235F
   fsgt:ab_different=C:2378
   fsgt:ab_negative=C:236F
   fsgt:ab_positive=C:236D
   fsgt:skip_invert=C:237C
   fslt:_dummy=C:23C6
   fslt:a_negative=C:23DB
   fslt:a_positive=C:23D4
   fslt:ab_different=C:23ED
   fslt:ab_negative=C:23E4
   fslt:ab_positive=C:23E2
   fslt:skip_invert=C:23F1
   fsmul:L00001?=C:22B4
   fsmul:L00002?=C:22B7
   fsmul:L00003?=C:22BF
   fsmul:L00004?=C:22C7
   fsmul:L00005?=C:22CF
   fsmul:L00006?=C:22DA
   fsmul:L00007?=C:22E2
   fsmul:L00010?=C:234E
   fsmul:_dummy=C:22AE
   fsnormalize:L00001?=C:34ED
   fsnormalize:L00002?=C:34FF
   fsnormalize:L00003?=C:3500
   fsnormalize:L00004?=C:3504
   fsnormalize:L00005?=C:350B
   fsnormalize:L00006?=C:351A
   fsnormalize:_dummy=C:34EA
   fsreturnval:L00001?=C:34A1
   fsreturnval:_dummy=C:349B
   fsrshift:L00001?=C:3649
   fsrshift:L00003?=C:366E
   fsrshift:L00005?=C:3673
   fsrshift:L00020?=C:3682
   fsrshift:_dummy=C:3640
   ftoa:ASCII_digits=C:375E
   ftoa:ASCII_digits_loop=C:3761
   ftoa:ASCII_exp=C:378A
   ftoa:ASCII_exp_minus=C:3786
   ftoa:ASCII_minus=C:375C
   ftoa:BCD_to_ASCII=C:3751
   ftoa:Conversion_Loop=C:3700
   ftoa:Convert_FP_to_BCD=C:36F0
   ftoa:Divide_by_10_loop=C:373C
   ftoa:FP_Adjust=C:36AA
   ftoa:No_BCD_mantissa_overflow=C:374F
   ftoa:No_Decimal_Point=C:376F
   ftoa:Shift_Product_Right=C:36DD
   ftoa:_Is_not_FP_zero=C:3697
   global:L002001?=C:0F9F
   global:L002004?=C:0F9A
   global:L002007?=C:0FAA
   global:L003001?=C:0FCE
   global:L003005?=C:0FC5
   global:L003007?=C:0FF0
   global:L003009?=C:0FF7
   global:L003018?=C:0FD1
   global:_Timer3us_us_1_77=X:011F
   global:_squared_x_1_82=X:0122
   global:_waitms_ms_1_80=X:0120
   gptrget:codeptr?=C:1CD2
   gptrget:dataptrrestore?=C:1CC9
   gptrget:pdataptr?=C:1CCF
   gptrget:xdataptr?=C:1CD5
   gptrput:codeptr?=C:211D
   gptrput:dataptrrestore?=C:2118
   gptrput:pdataptr?=C:211E
   gptrput:xdataptr?=C:2121
   inductance:L002005?=C:1766
   inductance:L002007?=C:1782
   inductance:L002012?=C:1792
   inductance:L002014?=C:17AE
   inductance:L002017?=C:17E6
   inductance:L002022?=C:17F5
   inductance:L002025?=C:17CB
   inductance:L002028?=C:180F
   inductance:L002043?=C:17F5
   inductance:L002047?=C:1804
   inductance:L002050?=C:176E
   inductance:L002051?=C:1773
   inductance:L002055?=C:179A
   inductance:L002056?=C:179F
   inductance:L002061?=C:17EE
   inductance:L002063?=C:17FD
   inductance:L003002?=C:18DE
   inductance:_GetPeriod_n_1_81=X:0142
   inductance:_GetPeriod_overflow_count_1_82=X:0144
   inductance:__xinit__C1_nF=C:001C
   inductance:__xinit__C2_nF=C:001E
   isdigit:L002002?=C:2257
   isdigit:L002008?=C:224C
   isdigit:_isdigit_c_1_14=X:0196
   main:L002001?=C:01F4
   main:L002004?=C:01FF
   main:L005002?=C:032F
   main:_UART1_Init_baudrate_1_126=X:0008
   main:__str_0=C:0107
   main:__str_1=C:011E
   main:_main_inductance_1_131=X:0014
   main:_test_print_x_1_128=X:0010
   malloc:L002002?=C:1F94
   malloc:L002007?=C:1F8C
   malloc:L003002?=C:1FF6
   malloc:L003004?=C:200F
   malloc:L003006?=C:2073
   malloc:L003010?=C:2027
   malloc:L003011?=C:2096
   malloc:L003013?=C:20C7
   malloc:L003016?=C:20FE
   malloc:__xinit___c51_first_memheader=C:0020
   malloc:_init_dynamic_memory=C:1F58
   malloc:_init_dynamic_memory_heap_1_6=X:017F
   malloc:_init_dynamic_memory_size_1_6=X:0181
   malloc:_malloc_current_header_1_9=X:0185
   malloc:_malloc_ret_1_9=X:0187
   malloc:_malloc_size_1_8=X:0183
   malloc:_malloc_sloc0_1_0=D:0011
   modslong:L002002?=C:1E69
   modslong:L002006?=C:1DE4
   modslong:L002007?=C:1DEC
   modslong:L002008?=C:1E20
   modslong:L002009?=C:1E2C
   modslong:__modslong_a_1_1=X:0170
   modslong:__modslong_sloc0_1_0=D:0009
   modslong:__modslong_sloc1_1_0=D:000D
   modulong:L002002?=C:3408
   modulong:L002003?=C:3385
   modulong:L002007?=C:345C
   modulong:L002008?=C:3416
   modulong:L002017?=C:3411
   modulong:__modulong_a_1_1=X:01C0
   modulong:__modulong_count_1_2=X:01C4
   modulong:__modulong_sloc0_1_0=D:004B
   movement_integration:L003002?=C:10C2
   movement_integration:L003004?=C:1165
   movement_integration:L003007?=C:11F1
   movement_integration:L003009?=C:1205
   movement_integration:L003012?=C:120D
   movement_integration:L003019?=C:10A3
   movement_integration:L003021?=C:10D0
   movement_integration:L007004?=C:1334
   movement_integration:L007005?=C:13EA
   movement_integration:L007007?=C:1568
   movement_integration:L007010?=C:1514
   movement_integration:L007013?=C:14B8
   movement_integration:L007016?=C:145C
   movement_integration:L007026?=C:1289
   movement_integration:L007027?=C:133A
   movement_integration:L008002?=C:161F
   movement_integration:L008006?=C:1622
   movement_integration:_PWM_manager_sloc0_1_0=D:0013
   movement_integration:_PWM_manager_x_value_1_99=X:012E
   movement_integration:_Timer5_ISR_sloc0_1_0=B:0009
   movement_integration:__xinit__PWM_percent_x=C:000C
   movement_integration:__xinit__PWM_percent_y=C:000A
   movement_integration:__xinit__count=C:0008
   movement_integration:__xinit__left_wheel=C:000E
   movement_integration:__xinit__prev_PWM_percent_x=C:0016
   movement_integration:__xinit__prev_PWM_percent_y=C:0018
   movement_integration:__xinit__right_wheel=C:0012
   movement_integration:__xinit__state=C:001A
   movement_integration:_movement_loop_x_1_110=X:013E
   movement_integration:_movement_manager_PWM_percent_y_1_103=X:0136
   movement_integration:b0=D:0020
   movement_integration:b1=D:0020
   movement_integration:b2=D:0020
   movement_integration:b3=D:0020
   movement_integration:b4=D:0020
   movement_integration:b5=D:0020
   movement_integration:b6=D:0020
   movement_integration:b7=D:0020
   movement_integration:bits=D:0020
   print_format:L002003?=C:26AD
   print_format:L003004?=C:26D7
   print_format:L005003?=C:2714
   print_format:L005004?=C:273A
   print_format:L006002?=C:2781
   print_format:L006005?=C:279F
   print_format:L006010?=C:27D5
   print_format:L006012?=C:27EF
   print_format:L006016?=C:2804
   print_format:L006017?=C:280E
   print_format:L006018?=C:2820
   print_format:L006019?=C:2827
   print_format:L006025?=C:2846
   print_format:L006028?=C:283B
   print_format:L006029?=C:284F
   print_format:L006032?=C:2865
   print_format:L006035?=C:2883
   print_format:L006037?=C:289E
   print_format:L006041?=C:28B8
   print_format:L006044?=C:28AD
   print_format:L006045?=C:28C1
   print_format:L006054?=C:2901
   print_format:L006057?=C:28ED
   print_format:L006058?=C:2913
   print_format:L006062?=C:28D9
   print_format:L006063?=C:2929
   print_format:L006064?=C:2948
   print_format:L006072?=C:29B5
   print_format:L006073?=C:298C
   print_format:L006079?=C:2984
   print_format:L006080?=C:29C2
   print_format:L006084?=C:29D7
   print_format:L006085?=C:29FF
   print_format:L006090?=C:2931
   print_format:L006092?=C:2A1D
   print_format:L006094?=C:2A27
   print_format:L006096?=C:2A4A
   print_format:L006097?=C:2A4D
   print_format:L006102?=C:2A62
   print_format:L006149?=C:27D0
   print_format:L006150?=C:2967
   print_format:L006151?=C:29BD
   print_format:L006155?=C:27A7
   print_format:L006161?=C:2817
   print_format:L006166?=C:282D
   print_format:L006173?=C:287B
   print_format:L006186?=C:2940
   print_format:L006191?=C:297B
   print_format:L006198?=C:29F6
   print_format:L007001?=C:2A6D
   print_format:L007002?=C:2A7E
   print_format:L007003?=C:2A89
   print_format:L007008?=C:2AAC
   print_format:L007010?=C:2AAF
   print_format:L007014?=C:2AD2
   print_format:L007017?=C:2AEB
   print_format:L007019?=C:2B0E
   print_format:L007021?=C:2B10
   print_format:L007027?=C:2B35
   print_format:L007028?=C:2B57
   print_format:L007032?=C:2B32
   print_format:L007033?=C:2B75
   print_format:L007038?=C:2AD4
   print_format:L007040?=C:2B68
   print_format:L007041?=C:2B72
   print_format:L007042?=C:2B98
   print_format:L007071?=C:2AE3
   print_format:L007076?=C:2B18
   print_format:L008001?=C:2C1C
   print_format:L008003?=C:2C46
   print_format:L008007?=C:2C83
   print_format:L008010?=C:2C93
   print_format:L008015?=C:2CB0
   print_format:L008017?=C:2CC9
   print_format:L008018?=C:2CCB
   print_format:L008020?=C:2D40
   print_format:L008021?=C:2D45
   print_format:L008022?=C:2D4A
   print_format:L008023?=C:2D4F
   print_format:L008024?=C:2D54
   print_format:L008025?=C:2D59
   print_format:L008026?=C:2D5E
   print_format:L008028?=C:2D7C
   print_format:L008031?=C:2DB7
   print_format:L008034?=C:2DA1
   print_format:L008036?=C:2DDC
   print_format:L008038?=C:2DF1
   print_format:L008039?=C:2E07
   print_format:L008040?=C:2E13
   print_format:L008042?=C:2E50
   print_format:L008043?=C:2E64
   print_format:L008050?=C:2E79
   print_format:L008052?=C:2EC9
   print_format:L008053?=C:2EE8
   print_format:L008059?=C:2F00
   print_format:L008061?=C:2F49
   print_format:L008064?=C:2F3D
   print_format:L008067?=C:2F30
   print_format:L008068?=C:2F4F
   print_format:L008070?=C:2F82
   print_format:L008073?=C:2F8D
   print_format:L008074?=C:2F97
   print_format:L008075?=C:2F9F
   print_format:L008076?=C:2FA7
   print_format:L008077?=C:2FAF
   print_format:L008078?=C:2FB3
   print_format:L008079?=C:2FB7
   print_format:L008080?=C:2FBB
   print_format:L008081?=C:2FFA
   print_format:L008082?=C:2FFF
   print_format:L008084?=C:3054
   print_format:L008086?=C:3080
   print_format:L008087?=C:3093
   print_format:L008091?=C:3095
   print_format:L008093?=C:309E
   print_format:L008100?=C:312A
   print_format:L008103?=C:30FE
   print_format:L008104?=C:3170
   print_format:L008106?=C:31AB
   print_format:L008111?=C:3197
   print_format:L008114?=C:31B1
   print_format:L008117?=C:31E2
   print_format:L008120?=C:31E4
   print_format:L008122?=C:320E
   print_format:L008123?=C:3214
   print_format:L008124?=C:31ED
   print_format:L008128?=C:3243
   print_format:L008129?=C:3249
   print_format:L008133?=C:326A
   print_format:L008138?=C:3299
   print_format:L008143?=C:327E
   print_format:L008144?=C:32AB
   print_format:L008145?=C:32AE
   print_format:L008149?=C:32E8
   print_format:L008152?=C:32D1
   print_format:L008155?=C:3310
   print_format:L008156?=C:331A
   print_format:L008157?=C:32F2
   print_format:L008159?=C:3329
   print_format:L008160?=C:332F
   print_format:L008167?=C:300B
   print_format:L008168?=C:30A4
   print_format:L008173?=C:3347
   print_format:L008175?=C:2BBB
   print_format:L008177?=C:334F
   print_format:L008180?=C:32C8
   print_format:L008181?=C:32CA
   print_format:L008271?=C:32ED
   print_format:L008276?=C:2BE4
   print_format:L008277?=C:2BE9
   print_format:L008278?=C:2BEC
   print_format:L008281?=C:2C4B
   print_format:L008289?=C:2CA5
   print_format:L008290?=C:2CA8
   print_format:L008291?=C:2CB5
   print_format:L008294?=C:2CD5
   print_format:L008295?=C:2CDB
   print_format:L008296?=C:2CE1
   print_format:L008297?=C:2CE6
   print_format:L008298?=C:2CEB
   print_format:L008299?=C:2CF0
   print_format:L008300?=C:2CF6
   print_format:L008301?=C:2CFC
   print_format:L008302?=C:2D02
   print_format:L008303?=C:2D08
   print_format:L008304?=C:2D0E
   print_format:L008305?=C:2D14
   print_format:L008306?=C:2D19
   print_format:L008307?=C:2D1F
   print_format:L008308?=C:2D25
   print_format:L008309?=C:2D2B
   print_format:L008310?=C:2D31
   print_format:L008311?=C:2D37
   print_format:L008312?=C:2D3D
   print_format:L008325?=C:2EBC
   print_format:L008326?=C:2ECF
   print_format:L008327?=C:2EE1
   print_format:L008328?=C:2EF8
   print_format:L008332?=C:2F74
   print_format:L008333?=C:2F79
   print_format:L008336?=C:300B
   print_format:L008342?=C:3091
   print_format:L008345?=C:30AE
   print_format:L008347?=C:30DD
   print_format:L008375?=C:332F
   print_format:L008376?=C:333F
   print_format:__output_char=C:268D
   print_format:__output_char_c_1_74=X:01B0
   print_format:__print_format_c_1_129=X:01BA
   print_format:__print_format_pfn_1_128=X:01B8
   print_format:__print_format_pstore_4_155=X:01BB
   print_format:__print_format_sloc0_1_0=D:0048
   print_format:_calculate_digit=C:26FB
   print_format:_char_argument=B:0014
   print_format:_charsOutputted=X:01A9
   print_format:_decimals=X:01AD
   print_format:_e_argument=B:000D
   print_format:_f_argument=B:000C
   print_format:_fflag=B:0018
   print_format:_g_argument=B:000E
   print_format:_i=X:01AF
   print_format:_left_justify=B:000F
   print_format:_length=X:01AE
   print_format:_long_argument=B:0015
   print_format:_lower_case=B:000B
   print_format:_lsd=B:0017
   print_format:_output_2digits=C:26DC
   print_format:_output_2digits_b_1_79=X:01B2
   print_format:_output_char=X:01A2
   print_format:_output_digit=C:26BA
   print_format:_output_digit_n_1_76=X:01B1
   print_format:_output_e=C:2A63
   print_format:_output_f=C:275E
   print_format:_output_f_exp_1_86=X:01B3
   print_format:_pound_argument=B:0016
   print_format:_prefix_sign=B:0011
   print_format:_prefix_space=B:0012
   print_format:_radix=X:01AB
   print_format:_signed_argument=B:0013
   print_format:_value=X:01A4
   print_format:_width=X:01AC
   print_format:_zero_padding=B:0010
   putchar:L002001?=C:222E
   putchar:L002006?=C:2236
   putchar:L002017?=C:2233
   putchar:L002018?=C:223B
   putchar:_putchar_c_1_23=X:0195
   sint2fs:_dummy=C:2213
   slong2fs:_dummy=C:2541
   slong2fs:slong2fs_positive=C:2568
   speaker:L004002?=C:1A7C
   speaker:_ToggleSpeaker_enable_1_83=X:0146
   sprintf:_obuf=X:018A
   sprintf:_put_char_to_string=C:2123
   sprintf:_put_char_to_string_c_1_23=X:018D
   sprintf:_vsprintf_buf_1_25=X:0192
   strlen:L002001?=C:227A
   strlen:L002008?=C:229E
   strlen:_strlen_str_1_20=X:0197
   strncpy:L002002?=C:1C32
   strncpy:L002005?=C:1C75
   strncpy:L002015?=C:1C6A
   strncpy:L002016?=C:1C9E
   strncpy:L002019?=C:1C48
   strncpy:L002020?=C:1C4D
   strncpy:L002021?=C:1C7E
   strncpy:_strncpy_d1_1_21=X:0161
   strncpy:_strncpy_d_1_20=X:015E
   strncpy:_strncpy_sloc0_1_0=D:004B
   vprintf:_put_char_to_stdout=C:1B8A
   vprintf:_put_char_to_stdout_c_1_23=X:0154
   vprintf:_vprintf_format_1_25=X:0156
